Archive member included to satisfy reference by file (symbol)

C:/Users/bront/STM32CubeIDE_1.19.0/STM32CubeIDE/plugins/com.st.stm32cube.ide.mcu.externaltools.gnu-tools-for-stm32.13.3.rel1.win32_1.0.0.202411081344/tools/bin/../lib/gcc/arm-none-eabi/13.3.1/../../../../arm-none-eabi/lib/thumb/v7e-m+fp/hard\libc_nano.a(libc_a-exit.o)
                              C:/Users/bront/STM32CubeIDE_1.19.0/STM32CubeIDE/plugins/com.st.stm32cube.ide.mcu.externaltools.gnu-tools-for-stm32.13.3.rel1.win32_1.0.0.202411081344/tools/bin/../lib/gcc/arm-none-eabi/13.3.1/../../../../arm-none-eabi/lib/thumb/v7e-m+fp/hard/crt0.o (exit)
C:/Users/bront/STM32CubeIDE_1.19.0/STM32CubeIDE/plugins/com.st.stm32cube.ide.mcu.externaltools.gnu-tools-for-stm32.13.3.rel1.win32_1.0.0.202411081344/tools/bin/../lib/gcc/arm-none-eabi/13.3.1/../../../../arm-none-eabi/lib/thumb/v7e-m+fp/hard\libc_nano.a(libc_a-findfp.o)
                              C:/Users/bront/STM32CubeIDE_1.19.0/STM32CubeIDE/plugins/com.st.stm32cube.ide.mcu.externaltools.gnu-tools-for-stm32.13.3.rel1.win32_1.0.0.202411081344/tools/bin/../lib/gcc/arm-none-eabi/13.3.1/../../../../arm-none-eabi/lib/thumb/v7e-m+fp/hard\libc_nano.a(libc_a-exit.o) (__stdio_exit_handler)
C:/Users/bront/STM32CubeIDE_1.19.0/STM32CubeIDE/plugins/com.st.stm32cube.ide.mcu.externaltools.gnu-tools-for-stm32.13.3.rel1.win32_1.0.0.202411081344/tools/bin/../lib/gcc/arm-none-eabi/13.3.1/../../../../arm-none-eabi/lib/thumb/v7e-m+fp/hard\libc_nano.a(libc_a-fwalk.o)
                              C:/Users/bront/STM32CubeIDE_1.19.0/STM32CubeIDE/plugins/com.st.stm32cube.ide.mcu.externaltools.gnu-tools-for-stm32.13.3.rel1.win32_1.0.0.202411081344/tools/bin/../lib/gcc/arm-none-eabi/13.3.1/../../../../arm-none-eabi/lib/thumb/v7e-m+fp/hard\libc_nano.a(libc_a-findfp.o) (_fwalk_sglue)
C:/Users/bront/STM32CubeIDE_1.19.0/STM32CubeIDE/plugins/com.st.stm32cube.ide.mcu.externaltools.gnu-tools-for-stm32.13.3.rel1.win32_1.0.0.202411081344/tools/bin/../lib/gcc/arm-none-eabi/13.3.1/../../../../arm-none-eabi/lib/thumb/v7e-m+fp/hard\libc_nano.a(libc_a-printf.o)
                              ./Core/Src/main.o (printf)
C:/Users/bront/STM32CubeIDE_1.19.0/STM32CubeIDE/plugins/com.st.stm32cube.ide.mcu.externaltools.gnu-tools-for-stm32.13.3.rel1.win32_1.0.0.202411081344/tools/bin/../lib/gcc/arm-none-eabi/13.3.1/../../../../arm-none-eabi/lib/thumb/v7e-m+fp/hard\libc_nano.a(libc_a-puts.o)
                              ./Core/Src/main.o (puts)
C:/Users/bront/STM32CubeIDE_1.19.0/STM32CubeIDE/plugins/com.st.stm32cube.ide.mcu.externaltools.gnu-tools-for-stm32.13.3.rel1.win32_1.0.0.202411081344/tools/bin/../lib/gcc/arm-none-eabi/13.3.1/../../../../arm-none-eabi/lib/thumb/v7e-m+fp/hard\libc_nano.a(libc_a-stdio.o)
                              C:/Users/bront/STM32CubeIDE_1.19.0/STM32CubeIDE/plugins/com.st.stm32cube.ide.mcu.externaltools.gnu-tools-for-stm32.13.3.rel1.win32_1.0.0.202411081344/tools/bin/../lib/gcc/arm-none-eabi/13.3.1/../../../../arm-none-eabi/lib/thumb/v7e-m+fp/hard\libc_nano.a(libc_a-findfp.o) (__sread)
C:/Users/bront/STM32CubeIDE_1.19.0/STM32CubeIDE/plugins/com.st.stm32cube.ide.mcu.externaltools.gnu-tools-for-stm32.13.3.rel1.win32_1.0.0.202411081344/tools/bin/../lib/gcc/arm-none-eabi/13.3.1/../../../../arm-none-eabi/lib/thumb/v7e-m+fp/hard\libc_nano.a(libc_a-vsnprintf.o)
                              ./Core/Src/main.o (vsnprintf)
C:/Users/bront/STM32CubeIDE_1.19.0/STM32CubeIDE/plugins/com.st.stm32cube.ide.mcu.externaltools.gnu-tools-for-stm32.13.3.rel1.win32_1.0.0.202411081344/tools/bin/../lib/gcc/arm-none-eabi/13.3.1/../../../../arm-none-eabi/lib/thumb/v7e-m+fp/hard\libc_nano.a(libc_a-wbuf.o)
                              C:/Users/bront/STM32CubeIDE_1.19.0/STM32CubeIDE/plugins/com.st.stm32cube.ide.mcu.externaltools.gnu-tools-for-stm32.13.3.rel1.win32_1.0.0.202411081344/tools/bin/../lib/gcc/arm-none-eabi/13.3.1/../../../../arm-none-eabi/lib/thumb/v7e-m+fp/hard\libc_nano.a(libc_a-puts.o) (__swbuf_r)
C:/Users/bront/STM32CubeIDE_1.19.0/STM32CubeIDE/plugins/com.st.stm32cube.ide.mcu.externaltools.gnu-tools-for-stm32.13.3.rel1.win32_1.0.0.202411081344/tools/bin/../lib/gcc/arm-none-eabi/13.3.1/../../../../arm-none-eabi/lib/thumb/v7e-m+fp/hard\libc_nano.a(libc_a-wsetup.o)
                              C:/Users/bront/STM32CubeIDE_1.19.0/STM32CubeIDE/plugins/com.st.stm32cube.ide.mcu.externaltools.gnu-tools-for-stm32.13.3.rel1.win32_1.0.0.202411081344/tools/bin/../lib/gcc/arm-none-eabi/13.3.1/../../../../arm-none-eabi/lib/thumb/v7e-m+fp/hard\libc_nano.a(libc_a-puts.o) (__swsetup_r)
C:/Users/bront/STM32CubeIDE_1.19.0/STM32CubeIDE/plugins/com.st.stm32cube.ide.mcu.externaltools.gnu-tools-for-stm32.13.3.rel1.win32_1.0.0.202411081344/tools/bin/../lib/gcc/arm-none-eabi/13.3.1/../../../../arm-none-eabi/lib/thumb/v7e-m+fp/hard\libc_nano.a(libc_a-memset.o)
[...]
Memory Configuration

Name             Origin             Length             Attributes
RAM              0x20000000         0x00020000         xrw
FLASH            0x08000000         0x00080000         xr
*default*        0x00000000         0xffffffff

Linker script and memory map

LOAD C:/Users/bront/STM32CubeIDE_1.19.0/STM32CubeIDE/plugins/com.st.stm32cube.ide.mcu.externaltools.gnu-tools-for-stm32.13.3.rel1.win32_1.0.0.202411081344/tools/bin/../lib/gcc/arm-none-eabi/13.3.1/thumb/v7e-m+fp/hard/crti.o
LOAD C:/Users/bront/STM32CubeIDE_1.19.0/STM32CubeIDE/plugins/com.st.stm32cube.ide.mcu.externaltools.gnu-tools-for-stm32.13.3.rel1.win32_1.0.0.202411081344/tools/bin/../lib/gcc/arm-none-eabi/13.3.1/thumb/v7e-m+fp/hard/crtbegin.o
LOAD C:/Users/bront/STM32CubeIDE_1.19.0/STM32CubeIDE/plugins/com.st.stm32cube.ide.mcu.externaltools.gnu-tools-for-stm32.13.3.rel1.win32_1.0.0.202411081344/tools/bin/../lib/gcc/arm-none-eabi/13.3.1/../../../../arm-none-eabi/lib/thumb/v7e-m+fp/hard/crt0.o
LOAD ./Core/Src/bno055.o
LOAD ./Core/Src/madgwick.o
LOAD ./Core/Src/main.o
LOAD ./Core/Src/stm32f4xx_hal_msp.o
LOAD ./Core/Src/stm32f4xx_it.o
LOAD ./Core/Src/syscalls.o
LOAD ./Core/Src/sysmem.o
LOAD ./Core/Src/system_stm32f4xx.o
LOAD ./Core/Startup/startup_stm32f411ceux.o
LOAD ./Drivers/STM32F4xx_HAL_Driver/Src/stm32f4xx_hal.o
LOAD ./Drivers/STM32F4xx_HAL_Driver/Src/stm32f4xx_hal_cortex.o
LOAD ./Drivers/STM32F4xx_HAL_Driver/Src/stm32f4xx_hal_dma.o
LOAD ./Drivers/STM32F4xx_HAL_Driver/Src/stm32f4xx_hal_dma_ex.o
LOAD ./Drivers/STM32F4xx_HAL_Driver/Src/stm32f4xx_hal_exti.o
LOAD ./Drivers/STM32F4xx_HAL_Driver/Src/stm32f4xx_hal_flash.o
LOAD ./Drivers/STM32F4xx_HAL_Driver/Src/stm32f4xx_hal_flash_ex.o
LOAD ./Drivers/STM32F4xx_HAL_Driver/Src/stm32f4xx_hal_flash_ramfunc.o
LOAD ./Drivers/STM32F4xx_HAL_Driver/Src/stm32f4xx_hal_gpio.o
LOAD ./Drivers/STM32F4xx_HAL_Driver/Src/stm32f4xx_hal_i2c.o
LOAD ./Drivers/STM32F4xx_HAL_Driver/Src/stm32f4xx_hal_i2c_ex.o
LOAD ./Drivers/STM32F4xx_HAL_Driver/Src/stm32f4xx_hal_pcd.o
LOAD ./Drivers/STM32F4xx_HAL_Driver/Src/stm32f4xx_hal_pcd_ex.o
LOAD ./Drivers/STM32F4xx_HAL_Driver/Src/stm32f4xx_hal_pwr.o
LOAD ./Drivers/STM32F4xx_HAL_Driver/Src/stm32f4xx_hal_pwr_ex.o
LOAD ./Drivers/STM32F4xx_HAL_Driver/Src/stm32f4xx_hal_rcc.o
LOAD ./Drivers/STM32F4xx_HAL_Driver/Src/stm32f4xx_hal_rcc_ex.o
LOAD ./Drivers/STM32F4xx_HAL_Driver/Src/stm32f4xx_ll_usb.o
LOAD ./Middlewares/ST/STM32_USB_Device_Library/Class/CDC/Src/usbd_cdc.o
LOAD ./Middlewares/ST/STM32_USB_Device_Library/Core/Src/usbd_core.o
LOAD ./Middlewares/ST/STM32_USB_Device_Library/Core/Src/usbd_ctlreq.o
LOAD ./Middlewares/ST/STM32_USB_Device_Library/Core/Src/usbd_ioreq.o
LOAD ./USB_DEVICE/App/usb_device.o
LOAD ./USB_DEVICE/App/usbd_cdc_if.o
LOAD ./USB_DEVICE/App/usbd_desc.o
LOAD ./USB_DEVICE/Target/usbd_conf.o
START GROUP
LOAD C:/Users/bront/STM32CubeIDE_1.19.0/STM32CubeIDE/plugins/com.st.stm32cube.ide.mcu.externaltools.gnu-tools-for-stm32.13.3.rel1.win32_1.0.0.202411081344/tools/bin/../lib/gcc/arm-none-eabi/13.3.1/../../../../arm-none-eabi/lib/thumb/v7e-m+fp/hard\libc_nano.a
LOAD C:/Users/bront/STM32CubeIDE_1.19.0/STM32CubeIDE/plugins/com.st.stm32cube.ide.mcu.externaltools.gnu-tools-for-stm32.13.3.rel1.win32_1.0.0.202411081344/tools/bin/../lib/gcc/arm-none-eabi/13.3.1/../../../../arm-none-eabi/lib/thumb/v7e-m+fp/hard\libm.a
END GROUP
START GROUP
LOAD C:/Users/bront/STM32CubeIDE_1.19.0/STM32CubeIDE/plugins/com.st.stm32cube.ide.mcu.externaltools.gnu-tools-for-stm32.13.3.rel1.win32_1.0.0.202411081344/tools/bin/../lib/gcc/arm-none-eabi/13.3.1/thumb/v7e-m+fp/hard\libgcc.a
LOAD C:/Users/bront/STM32CubeIDE_1.19.0/STM32CubeIDE/plugins/com.st.stm32cube.ide.mcu.externaltools.gnu-tools-for-stm32.13.3.rel1.win32_1.0.0.202411081344/tools/bin/../lib/gcc/arm-none-eabi/13.3.1/../../../../arm-none-eabi/lib/thumb/v7e-m+fp/hard\libc_nano.a
END GROUP
START GROUP
LOAD C:/Users/bront/STM32CubeIDE_1.19.0/STM32CubeIDE/plugins/com.st.stm32cube.ide.mcu.externaltools.gnu-tools-for-stm32.13.3.rel1.win32_1.0.0.202411081344/tools/bin/../lib/gcc/arm-none-eabi/13.3.1/thumb/v7e-m+fp/hard\libgcc.a
LOAD C:/Users/bront/STM32CubeIDE_1.19.0/STM32CubeIDE/plugins/com.st.stm32cube.ide.mcu.externaltools.gnu-tools-for-stm32.13.3.rel1.win32_1.0.0.202411081344/tools/bin/../lib/gcc/arm-none-eabi/13.3.1/../../../../arm-none-eabi/lib/thumb/v7e-m+fp/hard\libc_nano.a
LOAD C:/Users/bront/STM32CubeIDE_1.19.0/STM32CubeIDE/plugins/com.st.stm32cube.ide.mcu.externaltools.gnu-tools-for-stm32.13.3.rel1.win32_1.0.0.202411081344/tools/bin/../lib/gcc/arm-none-eabi/13.3.1/../../../../arm-none-eabi/lib/thumb/v7e-m+fp/hard\libnosys.a
END GROUP
START GROUP
LOAD C:/Users/bront/STM32CubeIDE_1.19.0/STM32CubeIDE/plugins/com.st.stm32cube.ide.mcu.externaltools.gnu-tools-for-stm32.13.3.rel1.win32_1.0.0.202411081344/tools/bin/../lib/gcc/arm-none-eabi/13.3.1/thumb/v7e-m+fp/hard\libgcc.a
LOAD C:/Users/bront/STM32CubeIDE_1.19.0/STM32CubeIDE/plugins/com.st.stm32cube.ide.mcu.externaltools.gnu-tools-for-stm32.13.3.rel1.win32_1.0.0.202411081344/tools/bin/../lib/gcc/arm-none-eabi/13.3.1/../../../../arm-none-eabi/lib/thumb/v7e-m+fp/hard\libc_nano.a
LOAD C:/Users/bront/STM32CubeIDE_1.19.0/STM32CubeIDE/plugins/com.st.stm32cube.ide.mcu.externaltools.gnu-tools-for-stm32.13.3.rel1.win32_1.0.0.202411081344/tools/bin/../lib/gcc/arm-none-eabi/13.3.1/../../../../arm-none-eabi/lib/thumb/v7e-m+fp/hard\libnosys.a
END GROUP
LOAD C:/Users/bront/STM32CubeIDE_1.19.0/STM32CubeIDE/plugins/com.st.stm32cube.ide.mcu.externaltools.gnu-tools-for-stm32.13.3.rel1.win32_1.0.0.202411081344/tools/bin/../lib/gcc/arm-none-eabi/13.3.1/thumb/v7e-m+fp/hard/crtend.o
LOAD C:/Users/bront/STM32CubeIDE_1.19.0/STM32CubeIDE/plugins/com.st.stm32cube.ide.mcu.externaltools.gnu-tools-for-stm32.13.3.rel1.win32_1.0.0.202411081344/tools/bin/../lib/gcc/arm-none-eabi/13.3.1/thumb/v7e-m+fp/hard/crtn.o
                0x20020000                        _estack = (ORIGIN (RAM) + LENGTH (RAM))
                0x00000200                        _Min_Heap_Size = 0x200
                0x00000400                        _Min_Stack_Size = 0x400

.isr_vector     0x08000000      0x198
                0x08000000                        . = ALIGN (0x4)
 *(.isr_vector)
 .isr_vector    0x08000000      0x198 ./Core/Startup/startup_stm32f411ceux.o
                0x08000000                g_pfnVectors
                0x08000198                        . = ALIGN (0x4)

.text           0x080001a0     0xb698
                0x080001a0                        . = ALIGN (0x4)
 *(.text)
 .text          0x080001a0       0x40 C:/Users/bront/STM32CubeIDE_1.19.0/STM32CubeIDE/plugins/com.st.stm32cube.ide.mcu.externaltools.gnu-tools-for-stm32.13.3.rel1.win32_1.0.0.202411081344/tools/bin/../lib/gcc/arm-none-eabi/13.3.1/thumb/v7e-m+fp/hard/crtbegin.o
 .text          0x080001e0       0xa0 C:/Users/bront/STM32CubeIDE_1.19.0/STM32CubeIDE/plugins/com.st.stm32cube.ide.mcu.externaltools.gnu-tools-for-stm32.13.3.rel1.win32_1.0.0.202411081344/tools/bin/../lib/gcc/arm-none-eabi/13.3.1/../../../../arm-none-eabi/lib/thumb/v7e-m+fp/hard\libc_nano.a(libc_a-memchr.o)
                0x080001e0                memchr
 .text          0x08000280       0x30 C:/Users/bront/STM32CubeIDE_1.19.0/STM32CubeIDE/plugins/com.st.stm32cube.ide.mcu.externaltools.gnu-tools-for-stm32.13.3.rel1.win32_1.0.0.202411081344/tools/bin/../lib/gcc/arm-none-eabi/13.3.1/thumb/v7e-m+fp/hard\libgcc.a(_aeabi_uldivmod.o)
                0x08000280                __aeabi_uldivmod
 .text          0x080002b0      0x2f8 C:/Users/bront/STM32CubeIDE_1.19.0/STM32CubeIDE/plugins/com.st.stm32cube.ide.mcu.externaltools.gnu-tools-for-stm32.13.3.rel1.win32_1.0.0.202411081344/tools/bin/../lib/gcc/arm-none-eabi/13.3.1/thumb/v7e-m+fp/hard\libgcc.a(_udivmoddi4.o)
                0x080002b0                __udivmoddi4
 .text          0x080005a8        0x4 C:/Users/bront/STM32CubeIDE_1.19.0/STM32CubeIDE/plugins/com.st.stm32cube.ide.mcu.externaltools.gnu-tools-for-stm32.13.3.rel1.win32_1.0.0.202411081344/tools/bin/../lib/gcc/arm-none-eabi/13.3.1/thumb/v7e-m+fp/hard\libgcc.a(_dvmd_tls.o)
                0x080005a8                __aeabi_idiv0
                0x080005a8                __aeabi_ldiv0
 *(.text*)
 .text.bno055_init
                0x080005ac      0x248 ./Core/Src/bno055.o
                0x080005ac                bno055_init
 .text.bno055_temperature
                0x080007f4       0x66 ./Core/Src/bno055.o
                0x080007f4                bno055_temperature
 *fill*         0x0800085a        0x2 
 .text.bno055_acc_x
                0x0800085c       0x80 ./Core/Src/bno055.o
                0x0800085c                bno055_acc_x
 .text.bno055_acc_y
                0x080008dc       0x80 ./Core/Src/bno055.o
                0x080008dc                bno055_acc_y
 .text.bno055_acc_z
                0x0800095c       0x80 ./Core/Src/bno055.o
                0x0800095c                bno055_acc_z
 .text.bno055_acc
                0x080009dc       0xd0 ./Core/Src/bno055.o
                0x080009dc                bno055_acc
 .text.bno055_linear_acc_x
                0x08000aac       0x80 ./Core/Src/bno055.o
                0x08000aac                bno055_linear_acc_x
 .text.bno055_linear_acc_y
                0x08000b2c       0x80 ./Core/Src/bno055.o
                0x08000b2c                bno055_linear_acc_y
 .text.bno055_linear_acc_z
                0x08000bac       0x80 ./Core/Src/bno055.o
                0x08000bac                bno055_linear_acc_z
 .text.bno055_linear_acc
                0x08000c2c       0xd0 ./Core/Src/bno055.o
                0x08000c2c                bno055_linear_acc
 .text.bno055_gyro_x
                0x08000cfc       0x80 ./Core/Src/bno055.o
                0x08000cfc                bno055_gyro_x
 .text.bno055_gyro_y
                0x08000d7c       0x80 ./Core/Src/bno055.o
                0x08000d7c                bno055_gyro_y
 .text.bno055_gyro_z
                0x08000dfc       0x80 ./Core/Src/bno055.o
                0x08000dfc                bno055_gyro_z
 .text.bno055_gyro
                0x08000e7c       0xd0 ./Core/Src/bno055.o
                0x08000e7c                bno055_gyro
 .text.bno055_mag_x
                0x08000f4c       0x6e ./Core/Src/bno055.o
                0x08000f4c                bno055_mag_x
 .text.bno055_mag_y
                0x08000fba       0x6e ./Core/Src/bno055.o
                0x08000fba                bno055_mag_y
 .text.bno055_mag_z
                0x08001028       0x6e ./Core/Src/bno055.o
                0x08001028                bno055_mag_z
 .text.bno055_mag
                0x08001096       0xba ./Core/Src/bno055.o
                0x08001096                bno055_mag
 .text.bno055_gravity_x
                0x08001150       0x84 ./Core/Src/bno055.o
                0x08001150                bno055_gravity_x
 .text.bno055_gravity_y
                0x080011d4       0x84 ./Core/Src/bno055.o
                0x080011d4                bno055_gravity_y
 .text.bno055_gravity_z
                0x08001258       0x84 ./Core/Src/bno055.o
                0x08001258                bno055_gravity_z
 .text.bno055_gravity
                0x080012dc       0xd0 ./Core/Src/bno055.o
                0x080012dc                bno055_gravity
 .text.bno055_euler_yaw
                0x080013ac       0x84 ./Core/Src/bno055.o
                0x080013ac                bno055_euler_yaw
 .text.bno055_euler_roll
                0x08001430       0x84 ./Core/Src/bno055.o
                0x08001430                bno055_euler_roll
 .text.bno055_euler_pitch
                0x080014b4       0x84 ./Core/Src/bno055.o
                0x080014b4                bno055_euler_pitch
 .text.bno055_euler
                0x08001538       0xd0 ./Core/Src/bno055.o
                0x08001538                bno055_euler
 .text.bno055_quaternion_w
                0x08001608       0x74 ./Core/Src/bno055.o
                0x08001608                bno055_quaternion_w
 .text.bno055_quaternion_x
                0x0800167c       0x74 ./Core/Src/bno055.o
                0x0800167c                bno055_quaternion_x
 .text.bno055_quaternion_y
                0x080016f0       0x74 ./Core/Src/bno055.o
                0x080016f0                bno055_quaternion_y
 .text.bno055_quaternion_z
                0x08001764       0x74 ./Core/Src/bno055.o
                0x08001764                bno055_quaternion_z
 .text.bno055_quaternion
                0x080017d8       0xe4 ./Core/Src/bno055.o
                0x080017d8                bno055_quaternion
 .text.bno055_acc_conf
                0x080018bc       0xd0 ./Core/Src/bno055.o
                0x080018bc                bno055_acc_conf
 .text.bno055_gyr_conf
                0x0800198c       0xce ./Core/Src/bno055.o
                0x0800198c                bno055_gyr_conf
 .text.bno055_mag_conf
                0x08001a5a       0xd0 ./Core/Src/bno055.o
                0x08001a5a                bno055_mag_conf
 .text.bno055_set_opmode
                0x08001b2a       0x4e ./Core/Src/bno055.o
                0x08001b2a                bno055_set_opmode
 .text.bno055_set_pwr_mode
                0x08001b78       0xba ./Core/Src/bno055.o
                0x08001b78                bno055_set_pwr_mode
 .text.bno055_reset
                0x08001c32       0x46 ./Core/Src/bno055.o
                0x08001c32                bno055_reset
 .text.bno055_on
                0x08001c78       0x46 ./Core/Src/bno055.o
                0x08001c78                bno055_on
 .text.bno055_ext_crystal
                0x08001cbe       0xb0 ./Core/Src/bno055.o
                0x08001cbe                bno055_ext_crystal
 .text.bno055_read_regs
                0x08001d6e       0x6c ./Core/Src/bno055.o
                0x08001d6e                bno055_read_regs
 .text.bno055_write_regs
                0x08001dda       0x5c ./Core/Src/bno055.o
                0x08001dda                bno055_write_regs
 .text.bno055_set_page
                0x08001e36       0x6c ./Core/Src/bno055.o
                0x08001e36                bno055_set_page
 .text.bno055_get_calibration
                0x08001ea2       0x8c ./Core/Src/bno055.o
                0x08001ea2                bno055_get_calibration
 .text.bno055_set_calibration
                0x08001f2e       0x92 ./Core/Src/bno055.o
                0x08001f2e                bno055_set_calibration
 .text.append_text
                0x08001fc0       0x6c ./Core/Src/main.o
 .text.append_fixed
                0x0800202c       0xd8 ./Core/Src/main.o
 .text.append_fixed4
                0x08002104       0x30 ./Core/Src/main.o
 .text.append_fixed6
                0x08002134       0x34 ./Core/Src/main.o
 .text.append_vec3_json
                0x08002168       0xa8 ./Core/Src/main.o
 .text.cdc_write
                0x08002210       0x4e ./Core/Src/main.o
 *fill*         0x0800225e        0x2 
 .text.configure_bno055
                0x08002260       0x58 ./Core/Src/main.o
 .text.saved_calibration_available
                0x080022b8       0x3c ./Core/Src/main.o
 .text.finish_bno055_init
                0x080022f4       0x60 ./Core/Src/main.o
 .text.init_bno055_any_address
                0x08002354       0x58 ./Core/Src/main.o
 .text.print_bno055_error_json
                0x080023ac       0x68 ./Core/Src/main.o
 .text.print_bno055_json
                0x08002414      0x364 ./Core/Src/main.o
 .text.main     0x08002778      0x1a8 ./Core/Src/main.o
                0x08002778                main
 .text.SystemClock_Config
                0x08002920       0xd0 ./Core/Src/main.o
                0x08002920                SystemClock_Config
 .text.MX_I2C1_Init
                0x080029f0       0x5c ./Core/Src/main.o
 .text.MX_GPIO_Init
                0x08002a4c       0x6c ./Core/Src/main.o
 .text._write   0x08002ab8       0x2c ./Core/Src/main.o
                0x08002ab8                _write
 .text.Error_Handler
                0x08002ae4        0xc ./Core/Src/main.o
                0x08002ae4                Error_Handler
 .text.HAL_MspInit
                0x08002af0       0x50 ./Core/Src/stm32f4xx_hal_msp.o
                0x08002af0                HAL_MspInit
 .text.HAL_I2C_MspInit
                0x08002b40       0x90 ./Core/Src/stm32f4xx_hal_msp.o
                0x08002b40                HAL_I2C_MspInit
 .text.NMI_Handler
                0x08002bd0        0x8 ./Core/Src/stm32f4xx_it.o
                0x08002bd0                NMI_Handler
 .text.HardFault_Handler
                0x08002bd8        0x8 ./Core/Src/stm32f4xx_it.o
                0x08002bd8                HardFault_Handler
 .text.MemManage_Handler
                0x08002be0        0x8 ./Core/Src/stm32f4xx_it.o
                0x08002be0                MemManage_Handler
 .text.BusFault_Handler
                0x08002be8        0x8 ./Core/Src/stm32f4xx_it.o
                0x08002be8                BusFault_Handler
 .text.UsageFault_Handler
                0x08002bf0        0x8 ./Core/Src/stm32f4xx_it.o
                0x08002bf0                UsageFault_Handler
 .text.SVC_Handler
                0x08002bf8        0xe ./Core/Src/stm32f4xx_it.o
                0x08002bf8                SVC_Handler
 .text.DebugMon_Handler
                0x08002c06        0xe ./Core/Src/stm32f4xx_it.o
                0x08002c06                DebugMon_Handler
 .text.PendSV_Handler
                0x08002c14        0xe ./Core/Src/stm32f4xx_it.o
                0x08002c14                PendSV_Handler
 .text.SysTick_Handler
                0x08002c22        0xc ./Core/Src/stm32f4xx_it.o
                0x08002c22                SysTick_Handler
 *fill*         0x08002c2e        0x2 
 .text.OTG_FS_IRQHandler
                0x08002c30       0x14 ./Core/Src/stm32f4xx_it.o
                0x08002c30                OTG_FS_IRQHandler
 .text._read    0x08002c44       0x3a ./Core/Src/syscalls.o
                0x08002c44                _read
 .text._close   0x08002c7e       0x18 ./Core/Src/syscalls.o
                0x08002c7e                _close
 .text._fstat   0x08002c96       0x20 ./Core/Src/syscalls.o
                0x08002c96                _fstat
 .text._isatty  0x08002cb6       0x16 ./Core/Src/syscalls.o
                0x08002cb6                _isatty
 .text._lseek   0x08002ccc       0x1a ./Core/Src/syscalls.o
                0x08002ccc                _lseek
 *fill*         0x08002ce6        0x2 
 .text._sbrk    0x08002ce8       0x6c ./Core/Src/sysmem.o
                0x08002ce8                _sbrk
 .text.SystemInit
                0x08002d54       0x24 ./Core/Src/system_stm32f4xx.o
                0x08002d54                SystemInit
 .text.Reset_Handler
                0x08002d78       0x50 ./Core/Startup/startup_stm32f411ceux.o
                0x08002d78                Reset_Handler
 .text.Default_Handler
                0x08002dc8        0x2 ./Core/Startup/startup_stm32f411ceux.o
                0x08002dc8                RTC_Alarm_IRQHandler
                0x08002dc8                EXTI2_IRQHandler
                0x08002dc8                SPI4_IRQHandler
                0x08002dc8                TIM1_CC_IRQHandler
                0x08002dc8                DMA2_Stream5_IRQHandler
                0x08002dc8                DMA1_Stream5_IRQHandler
                0x08002dc8                PVD_IRQHandler
                0x08002dc8                SDIO_IRQHandler
                0x08002dc8                TAMP_STAMP_IRQHandler
                0x08002dc8                EXTI3_IRQHandler
                0x08002dc8                TIM1_UP_TIM10_IRQHandler
                0x08002dc8                I2C3_ER_IRQHandler
                0x08002dc8                EXTI0_IRQHandler
                0x08002dc8                I2C2_EV_IRQHandler
                0x08002dc8                DMA1_Stream2_IRQHandler
                0x08002dc8                FPU_IRQHandler
                0x08002dc8                DMA2_Stream2_IRQHandler
                0x08002dc8                SPI1_IRQHandler
                0x08002dc8                TIM1_BRK_TIM9_IRQHandler
                0x08002dc8                DMA2_Stream3_IRQHandler
                0x08002dc8                USART6_IRQHandler
                0x08002dc8                DMA2_Stream0_IRQHandler
                0x08002dc8                TIM4_IRQHandler
                0x08002dc8                I2C1_EV_IRQHandler
                0x08002dc8                DMA1_Stream6_IRQHandler
                0x08002dc8                DMA1_Stream1_IRQHandler
                0x08002dc8                TIM3_IRQHandler
                0x08002dc8                RCC_IRQHandler
                0x08002dc8                Default_Handler
                0x08002dc8                EXTI15_10_IRQHandler
                0x08002dc8                ADC_IRQHandler
                0x08002dc8                DMA1_Stream7_IRQHandler
                0x08002dc8                SPI5_IRQHandler
                0x08002dc8                TIM5_IRQHandler
                0x08002dc8                DMA2_Stream7_IRQHandler
                0x08002dc8                I2C3_EV_IRQHandler
                0x08002dc8                EXTI9_5_IRQHandler
                0x08002dc8                RTC_WKUP_IRQHandler
                0x08002dc8                SPI2_IRQHandler
                0x08002dc8                DMA1_Stream0_IRQHandler
                0x08002dc8                EXTI4_IRQHandler
                0x08002dc8                WWDG_IRQHandler
                0x08002dc8                TIM2_IRQHandler
                0x08002dc8                OTG_FS_WKUP_IRQHandler
                0x08002dc8                TIM1_TRG_COM_TIM11_IRQHandler
                0x08002dc8                EXTI1_IRQHandler
                0x08002dc8                USART2_IRQHandler
                0x08002dc8                I2C2_ER_IRQHandler
                0x08002dc8                DMA2_Stream1_IRQHandler
                0x08002dc8                FLASH_IRQHandler
                0x08002dc8                DMA2_Stream4_IRQHandler
                0x08002dc8                USART1_IRQHandler
                0x08002dc8                SPI3_IRQHandler
                0x08002dc8                DMA1_Stream4_IRQHandler
                0x08002dc8                I2C1_ER_IRQHandler
                0x08002dc8                DMA2_Stream6_IRQHandler
                0x08002dc8                DMA1_Stream3_IRQHandler
 *fill*         0x08002dca        0x2 
 .text.HAL_Init
                0x08002dcc       0x44 ./Drivers/STM32F4xx_HAL_Driver/Src/stm32f4xx_hal.o
                0x08002dcc                HAL_Init
 .text.HAL_InitTick
                0x08002e10       0x60 ./Drivers/STM32F4xx_HAL_Driver/Src/stm32f4xx_hal.o
                0x08002e10                HAL_InitTick
 .text.HAL_IncTick
                0x08002e70       0x28 ./Drivers/STM32F4xx_HAL_Driver/Src/stm32f4xx_hal.o
                0x08002e70                HAL_IncTick
 .text.HAL_GetTick
                0x08002e98       0x18 ./Drivers/STM32F4xx_HAL_Driver/Src/stm32f4xx_hal.o
                0x08002e98                HAL_GetTick
 .text.HAL_Delay
                0x08002eb0       0x48 ./Drivers/STM32F4xx_HAL_Driver/Src/stm32f4xx_hal.o
                0x08002eb0                HAL_Delay
 .text.__NVIC_SetPriorityGrouping
                0x08002ef8       0x48 ./Drivers/STM32F4xx_HAL_Driver/Src/stm32f4xx_hal_cortex.o
 .text.__NVIC_GetPriorityGrouping
                0x08002f40       0x1c ./Drivers/STM32F4xx_HAL_Driver/Src/stm32f4xx_hal_cortex.o
 .text.__NVIC_EnableIRQ
                0x08002f5c       0x3c ./Drivers/STM32F4xx_HAL_Driver/Src/stm32f4xx_hal_cortex.o
 .text.__NVIC_SetPriority
                0x08002f98       0x54 ./Drivers/STM32F4xx_HAL_Driver/Src/stm32f4xx_hal_cortex.o
 .text.NVIC_EncodePriority
                0x08002fec       0x66 ./Drivers/STM32F4xx_HAL_Driver/Src/stm32f4xx_hal_cortex.o
 *fill*         0x08003052        0x2 
 .text.SysTick_Config
                0x08003054       0x44 ./Drivers/STM32F4xx_HAL_Driver/Src/stm32f4xx_hal_cortex.o
 .text.HAL_NVIC_SetPriorityGrouping
                0x08003098       0x16 ./Drivers/STM32F4xx_HAL_Driver/Src/stm32f4xx_hal_cortex.o
                0x08003098                HAL_NVIC_SetPriorityGrouping
 .text.HAL_NVIC_SetPriority
                0x080030ae       0x38 ./Drivers/STM32F4xx_HAL_Driver/Src/stm32f4xx_hal_cortex.o
                0x080030ae                HAL_NVIC_SetPriority
 .text.HAL_NVIC_EnableIRQ
                0x080030e6       0x1c ./Drivers/STM32F4xx_HAL_Driver/Src/stm32f4xx_hal_cortex.o
                0x080030e6                HAL_NVIC_EnableIRQ
 .text.HAL_SYSTICK_Config
                0x08003102       0x18 ./Drivers/STM32F4xx_HAL_Driver/Src/stm32f4xx_hal_cortex.o
                0x08003102                HAL_SYSTICK_Config
 *fill*         0x0800311a        0x2 
 .text.HAL_GPIO_Init
                0x0800311c      0x308 ./Drivers/STM32F4xx_HAL_Driver/Src/stm32f4xx_hal_gpio.o
                0x0800311c                HAL_GPIO_Init
 .text.HAL_I2C_Init
                0x08003424      0x288 ./Drivers/STM32F4xx_HAL_Driver/Src/stm32f4xx_hal_i2c.o
                0x08003424                HAL_I2C_Init
 .text.HAL_I2C_Master_Transmit
                0x080036ac      0x1fc ./Drivers/STM32F4xx_HAL_Driver/Src/stm32f4xx_hal_i2c.o
                0x080036ac                HAL_I2C_Master_Transmit
 .text.HAL_I2C_Master_Receive
                0x080038a8      0x464 ./Drivers/STM32F4xx_HAL_Driver/Src/stm32f4xx_hal_i2c.o
                0x080038a8                HAL_I2C_Master_Receive
 .text.HAL_I2C_Mem_Write
                0x08003d0c      0x1f4 ./Drivers/STM32F4xx_HAL_Driver/Src/stm32f4xx_hal_i2c.o
                0x08003d0c                HAL_I2C_Mem_Write
 .text.I2C_MasterRequestWrite
                0x08003f00      0x104 ./Drivers/STM32F4xx_HAL_Driver/Src/stm32f4xx_hal_i2c.o
 .text.I2C_MasterRequestRead
                0x08004004      0x19c ./Drivers/STM32F4xx_HAL_Driver/Src/stm32f4xx_hal_i2c.o
 .text.I2C_RequestMemoryWrite
                0x080041a0      0x12c ./Drivers/STM32F4xx_HAL_Driver/Src/stm32f4xx_hal_i2c.o
 .text.I2C_WaitOnFlagUntilTimeout
                0x080042cc       0xf4 ./Drivers/STM32F4xx_HAL_Driver/Src/stm32f4xx_hal_i2c.o
 .text.I2C_WaitOnMasterAddressFlagUntilTimeout
                0x080043c0      0x140 ./Drivers/STM32F4xx_HAL_Driver/Src/stm32f4xx_hal_i2c.o
 .text.I2C_WaitOnTXEFlagUntilTimeout
                0x08004500       0x90 ./Drivers/STM32F4xx_HAL_Driver/Src/stm32f4xx_hal_i2c.o
 .text.I2C_WaitOnBTFFlagUntilTimeout
                0x08004590       0x90 ./Drivers/STM32F4xx_HAL_Driver/Src/stm32f4xx_hal_i2c.o
 .text.I2C_WaitOnRXNEFlagUntilTimeout
                0x08004620       0xba ./Drivers/STM32F4xx_HAL_Driver/Src/stm32f4xx_hal_i2c.o
 .text.I2C_IsAcknowledgeFailed
                0x080046da       0x5e ./Drivers/STM32F4xx_HAL_Driver/Src/stm32f4xx_hal_i2c.o
 .text.HAL_PCD_Init
                0x08004738      0x21e ./Drivers/STM32F4xx_HAL_Driver/Src/stm32f4xx_hal_pcd.o
                0x08004738                HAL_PCD_Init
 .text.HAL_PCD_Start
                0x08004956       0x6a ./Drivers/STM32F4xx_HAL_Driver/Src/stm32f4xx_hal_pcd.o
                0x08004956                HAL_PCD_Start
 .text.HAL_PCD_IRQHandler
                0x080049c0      0x942 ./Drivers/STM32F4xx_HAL_Driver/Src/stm32f4xx_hal_pcd.o
                0x080049c0                HAL_PCD_IRQHandler
 .text.HAL_PCD_SetAddress
                0x08005302       0x48 ./Drivers/STM32F4xx_HAL_Driver/Src/stm32f4xx_hal_pcd.o
                0x08005302                HAL_PCD_SetAddress
 .text.HAL_PCD_EP_Open
                0x0800534a       0xd4 ./Drivers/STM32F4xx_HAL_Driver/Src/stm32f4xx_hal_pcd.o
                0x0800534a                HAL_PCD_EP_Open
 .text.HAL_PCD_EP_Close
                0x0800541e       0x94 ./Drivers/STM32F4xx_HAL_Driver/Src/stm32f4xx_hal_pcd.o
                0x0800541e                HAL_PCD_EP_Close
 .text.HAL_PCD_EP_Receive
                0x080054b2       0x76 ./Drivers/STM32F4xx_HAL_Driver/Src/stm32f4xx_hal_pcd.o
                0x080054b2                HAL_PCD_EP_Receive
 .text.HAL_PCD_EP_GetRxCount
                0x08005528       0x30 ./Drivers/STM32F4xx_HAL_Driver/Src/stm32f4xx_hal_pcd.o
                0x08005528                HAL_PCD_EP_GetRxCount
 .text.HAL_PCD_EP_Transmit
                0x08005558       0x74 ./Drivers/STM32F4xx_HAL_Driver/Src/stm32f4xx_hal_pcd.o
                0x08005558                HAL_PCD_EP_Transmit
 .text.HAL_PCD_EP_SetStall
                0x080055cc       0xc6 ./Drivers/STM32F4xx_HAL_Driver/Src/stm32f4xx_hal_pcd.o
                0x080055cc                HAL_PCD_EP_SetStall
 .text.HAL_PCD_EP_ClrStall
                0x08005692       0xac ./Drivers/STM32F4xx_HAL_Driver/Src/stm32f4xx_hal_pcd.o
                0x08005692                HAL_PCD_EP_ClrStall
 .text.HAL_PCD_EP_Abort
                0x0800573e       0x62 ./Drivers/STM32F4xx_HAL_Driver/Src/stm32f4xx_hal_pcd.o
                0x0800573e                HAL_PCD_EP_Abort
 .text.PCD_WriteEmptyTxFifo
                0x080057a0      0x118 ./Drivers/STM32F4xx_HAL_Driver/Src/stm32f4xx_hal_pcd.o
 .text.PCD_EP_OutXfrComplete_int
                0x080058b8      0x1d0 ./Drivers/STM32F4xx_HAL_Driver/Src/stm32f4xx_hal_pcd.o
 .text.PCD_EP_OutSetupPacket_int
                0x08005a88       0x8c ./Drivers/STM32F4xx_HAL_Driver/Src/stm32f4xx_hal_pcd.o
 .text.HAL_PCDEx_SetTxFiFo
                0x08005b14       0x8e ./Drivers/STM32F4xx_HAL_Driver/Src/stm32f4xx_hal_pcd_ex.o
                0x08005b14                HAL_PCDEx_SetTxFiFo
 .text.HAL_PCDEx_SetRxFiFo
                0x08005ba2       0x22 ./Drivers/STM32F4xx_HAL_Driver/Src/stm32f4xx_hal_pcd_ex.o
                0x08005ba2                HAL_PCDEx_SetRxFiFo
 .text.HAL_PCDEx_LPM_Callback
                0x08005bc4       0x18 ./Drivers/STM32F4xx_HAL_Driver/Src/stm32f4xx_hal_pcd_ex.o
                0x08005bc4                HAL_PCDEx_LPM_Callback
 .text.HAL_RCC_OscConfig
                0x08005bdc      0x4f0 ./Drivers/STM32F4xx_HAL_Driver/Src/stm32f4xx_hal_rcc.o
                0x08005bdc                HAL_RCC_OscConfig
 .text.HAL_RCC_ClockConfig
                0x080060cc      0x1cc ./Drivers/STM32F4xx_HAL_Driver/Src/stm32f4xx_hal_rcc.o
                0x080060cc                HAL_RCC_ClockConfig
 .text.HAL_RCC_GetSysClockFreq
                0x08006298      0x18c ./Drivers/STM32F4xx_HAL_Driver/Src/stm32f4xx_hal_rcc.o
                0x08006298                HAL_RCC_GetSysClockFreq
 .text.HAL_RCC_GetHCLKFreq
                0x08006424       0x18 ./Drivers/STM32F4xx_HAL_Driver/Src/stm32f4xx_hal_rcc.o
                0x08006424                HAL_RCC_GetHCLKFreq
 .text.HAL_RCC_GetPCLK1Freq
                0x0800643c       0x28 ./Drivers/STM32F4xx_HAL_Driver/Src/stm32f4xx_hal_rcc.o
                0x0800643c                HAL_RCC_GetPCLK1Freq
 .text.USB_CoreInit
                0x08006464       0xc8 ./Drivers/STM32F4xx_HAL_Driver/Src/stm32f4xx_ll_usb.o
                0x08006464                USB_CoreInit
 .text.USB_SetTurnaroundTime
                0x0800652c      0x144 ./Drivers/STM32F4xx_HAL_Driver/Src/stm32f4xx_ll_usb.o
                0x0800652c                USB_SetTurnaroundTime
 .text.USB_EnableGlobalInt
                0x08006670       0x22 ./Drivers/STM32F4xx_HAL_Driver/Src/stm32f4xx_ll_usb.o
                0x08006670                USB_EnableGlobalInt
 .text.USB_DisableGlobalInt
                0x08006692       0x22 ./Drivers/STM32F4xx_HAL_Driver/Src/stm32f4xx_ll_usb.o
                0x08006692                USB_DisableGlobalInt
 .text.USB_SetCurrentMode
                0x080066b4       0x98 ./Drivers/STM32F4xx_HAL_Driver/Src/stm32f4xx_ll_usb.o
                0x080066b4                USB_SetCurrentMode
 .text.USB_DevInit
                0x0800674c      0x2c8 ./Drivers/STM32F4xx_HAL_Driver/Src/stm32f4xx_ll_usb.o
                0x0800674c                USB_DevInit
 .text.USB_FlushTxFifo
                0x08006a14       0x64 ./Drivers/STM32F4xx_HAL_Driver/Src/stm32f4xx_ll_usb.o
                0x08006a14                USB_FlushTxFifo
 .text.USB_FlushRxFifo
                0x08006a78       0x5c ./Drivers/STM32F4xx_HAL_Driver/Src/stm32f4xx_ll_usb.o
                0x08006a78                USB_FlushRxFifo
 .text.USB_SetDevSpeed
                0x08006ad4       0x32 ./Drivers/STM32F4xx_HAL_Driver/Src/stm32f4xx_ll_usb.o
                0x08006ad4                USB_SetDevSpeed
 .text.USB_GetDevSpeed
                0x08006b06       0x4a ./Drivers/STM32F4xx_HAL_Driver/Src/stm32f4xx_ll_usb.o
                0x08006b06                USB_GetDevSpeed
 .text.USB_ActivateEndpoint
                0x08006b50      0x10e ./Drivers/STM32F4xx_HAL_Driver/Src/stm32f4xx_ll_usb.o
                0x08006b50                USB_ActivateEndpoint
 *fill*         0x08006c5e        0x2 
 .text.USB_DeactivateEndpoint
                0x08006c60      0x1b8 ./Drivers/STM32F4xx_HAL_Driver/Src/stm32f4xx_ll_usb.o
                0x08006c60                USB_DeactivateEndpoint
 .text.USB_EPStartXfer
                0x08006e18      0x53c ./Drivers/STM32F4xx_HAL_Driver/Src/stm32f4xx_ll_usb.o
                0x08006e18                USB_EPStartXfer
 .text.USB_EPStopXfer
                0x08007354      0x154 ./Drivers/STM32F4xx_HAL_Driver/Src/stm32f4xx_ll_usb.o
                0x08007354                USB_EPStopXfer
 .text.USB_WritePacket
                0x080074a8       0x7c ./Drivers/STM32F4xx_HAL_Driver/Src/stm32f4xx_ll_usb.o
                0x080074a8                USB_WritePacket
 .text.USB_ReadPacket
                0x08007524       0xb0 ./Drivers/STM32F4xx_HAL_Driver/Src/stm32f4xx_ll_usb.o
                0x08007524                USB_ReadPacket
 .text.USB_EPSetStall
                0x080075d4       0xdc ./Drivers/STM32F4xx_HAL_Driver/Src/stm32f4xx_ll_usb.o
                0x080075d4                USB_EPSetStall
 .text.USB_EPClearStall
                0x080076b0       0xcc ./Drivers/STM32F4xx_HAL_Driver/Src/stm32f4xx_ll_usb.o
                0x080076b0                USB_EPClearStall
 .text.USB_SetDevAddress
                0x0800777c       0x4c ./Drivers/STM32F4xx_HAL_Driver/Src/stm32f4xx_ll_usb.o
                0x0800777c                USB_SetDevAddress
 .text.USB_DevConnect
                0x080077c8       0x42 ./Drivers/STM32F4xx_HAL_Driver/Src/stm32f4xx_ll_usb.o
                0x080077c8                USB_DevConnect
 .text.USB_DevDisconnect
                0x0800780a       0x42 ./Drivers/STM32F4xx_HAL_Driver/Src/stm32f4xx_ll_usb.o
                0x0800780a                USB_DevDisconnect
 .text.USB_ReadInterrupts
                0x0800784c       0x26 ./Drivers/STM32F4xx_HAL_Driver/Src/stm32f4xx_ll_usb.o
                0x0800784c                USB_ReadInterrupts
 .text.USB_ReadDevAllOutEpInterrupt
                0x08007872       0x34 ./Drivers/STM32F4xx_HAL_Driver/Src/stm32f4xx_ll_usb.o
                0x08007872                USB_ReadDevAllOutEpInterrupt
 .text.USB_ReadDevAllInEpInterrupt
                0x080078a6       0x34 ./Drivers/STM32F4xx_HAL_Driver/Src/stm32f4xx_ll_usb.o
                0x080078a6                USB_ReadDevAllInEpInterrupt
 .text.USB_ReadDevOutEPInterrupt
                0x080078da       0x3c ./Drivers/STM32F4xx_HAL_Driver/Src/stm32f4xx_ll_usb.o
                0x080078da                USB_ReadDevOutEPInterrupt
 .text.USB_ReadDevInEPInterrupt
                0x08007916       0x5c ./Drivers/STM32F4xx_HAL_Driver/Src/stm32f4xx_ll_usb.o
                0x08007916                USB_ReadDevInEPInterrupt
 .text.USB_GetMode
                0x08007972       0x1c ./Drivers/STM32F4xx_HAL_Driver/Src/stm32f4xx_ll_usb.o
                0x08007972                USB_GetMode
 .text.USB_ActivateSetup
                0x0800798e       0x46 ./Drivers/STM32F4xx_HAL_Driver/Src/stm32f4xx_ll_usb.o
                0x0800798e                USB_ActivateSetup
 .text.USB_EP0_OutStart
                0x080079d4       0xbc ./Drivers/STM32F4xx_HAL_Driver/Src/stm32f4xx_ll_usb.o
                0x080079d4                USB_EP0_OutStart
 .text.USB_CoreReset
                0x08007a90       0x70 ./Drivers/STM32F4xx_HAL_Driver/Src/stm32f4xx_ll_usb.o
 .text.USBD_CDC_Init
                0x08007b00      0x1f0 ./Middlewares/ST/STM32_USB_Device_Library/Class/CDC/Src/usbd_cdc.o
 .text.USBD_CDC_DeInit
                0x08007cf0      0x104 ./Middlewares/ST/STM32_USB_Device_Library/Class/CDC/Src/usbd_cdc.o
 .text.USBD_CDC_Setup
                0x08007df4      0x1b8 ./Middlewares/ST/STM32_USB_Device_Library/Class/CDC/Src/usbd_cdc.o
 .text.USBD_CDC_DataIn
                0x08007fac       0xfe ./Middlewares/ST/STM32_USB_Device_Library/Class/CDC/Src/usbd_cdc.o
 .text.USBD_CDC_DataOut
                0x080080aa       0x70 ./Middlewares/ST/STM32_USB_Device_Library/Class/CDC/Src/usbd_cdc.o
 .text.USBD_CDC_EP0_RxReady
                0x0800811a       0x74 ./Middlewares/ST/STM32_USB_Device_Library/Class/CDC/Src/usbd_cdc.o
 *fill*         0x0800818e        0x2 
 .text.USBD_CDC_GetFSCfgDesc
                0x08008190       0x70 ./Middlewares/ST/STM32_USB_Device_Library/Class/CDC/Src/usbd_cdc.o
 .text.USBD_CDC_GetHSCfgDesc
                0x08008200       0x70 ./Middlewares/ST/STM32_USB_Device_Library/Class/CDC/Src/usbd_cdc.o
 .text.USBD_CDC_GetOtherSpeedCfgDesc
                0x08008270       0x70 ./Middlewares/ST/STM32_USB_Device_Library/Class/CDC/Src/usbd_cdc.o
 .text.USBD_CDC_GetDeviceQualifierDescriptor
                0x080082e0       0x20 ./Middlewares/ST/STM32_USB_Device_Library/Class/CDC/Src/usbd_cdc.o
                0x080082e0                USBD_CDC_GetDeviceQualifierDescriptor
 .text.USBD_CDC_RegisterInterface
                0x08008300       0x34 ./Middlewares/ST/STM32_USB_Device_Library/Class/CDC/Src/usbd_cdc.o
                0x08008300                USBD_CDC_RegisterInterface
 .text.USBD_CDC_SetTxBuffer
                0x08008334       0x44 ./Middlewares/ST/STM32_USB_Device_Library/Class/CDC/Src/usbd_cdc.o
                0x08008334                USBD_CDC_SetTxBuffer
 .text.USBD_CDC_SetRxBuffer
                0x08008378       0x3a ./Middlewares/ST/STM32_USB_Device_Library/Class/CDC/Src/usbd_cdc.o
                0x08008378                USBD_CDC_SetRxBuffer
 *fill*         0x080083b2        0x2 
 .text.USBD_CDC_TransmitPacket
                0x080083b4       0x80 ./Middlewares/ST/STM32_USB_Device_Library/Class/CDC/Src/usbd_cdc.o
                0x080083b4                USBD_CDC_TransmitPacket
 .text.USBD_CDC_ReceivePacket
                0x08008434       0x6c ./Middlewares/ST/STM32_USB_Device_Library/Class/CDC/Src/usbd_cdc.o
                0x08008434                USBD_CDC_ReceivePacket
 .text.USBD_Init
                0x080084a0       0x60 ./Middlewares/ST/STM32_USB_Device_Library/Core/Src/usbd_core.o
                0x080084a0                USBD_Init
 .text.USBD_RegisterClass
                0x08008500       0x6c ./Middlewares/ST/STM32_USB_Device_Library/Core/Src/usbd_core.o
                0x08008500                USBD_RegisterClass
 .text.USBD_Start
                0x0800856c       0x18 ./Middlewares/ST/STM32_USB_Device_Library/Core/Src/usbd_core.o
                0x0800856c                USBD_Start
 .text.USBD_RunTestMode
                0x08008584       0x16 ./Middlewares/ST/STM32_USB_Device_Library/Core/Src/usbd_core.o
                0x08008584                USBD_RunTestMode
 .text.USBD_SetClassConfig
                0x0800859a       0x38 ./Middlewares/ST/STM32_USB_Device_Library/Core/Src/usbd_core.o
                0x0800859a                USBD_SetClassConfig
 .text.USBD_ClrClassConfig
                0x080085d2       0x34 ./Middlewares/ST/STM32_USB_Device_Library/Core/Src/usbd_core.o
                0x080085d2                USBD_ClrClassConfig
 .text.USBD_LL_SetupStage
                0x08008606       0xaa ./Middlewares/ST/STM32_USB_Device_Library/Core/Src/usbd_core.o
                0x08008606                USBD_LL_SetupStage
 .text.USBD_LL_DataOutStage
                0x080086b0      0x178 ./Middlewares/ST/STM32_USB_Device_Library/Core/Src/usbd_core.o
                0x080086b0                USBD_LL_DataOutStage
 .text.USBD_LL_DataInStage
                0x08008828      0x176 ./Middlewares/ST/STM32_USB_Device_Library/Core/Src/usbd_core.o
                0x08008828                USBD_LL_DataInStage
 .text.USBD_LL_Reset
                0x0800899e       0xa6 ./Middlewares/ST/STM32_USB_Device_Library/Core/Src/usbd_core.o
                0x0800899e                USBD_LL_Reset
 .text.USBD_LL_SetSpeed
                0x08008a44       0x20 ./Middlewares/ST/STM32_USB_Device_Library/Core/Src/usbd_core.o
                0x08008a44                USBD_LL_SetSpeed
 .text.USBD_LL_Suspend
                0x08008a64       0x38 ./Middlewares/ST/STM32_USB_Device_Library/Core/Src/usbd_core.o
                0x08008a64                USBD_LL_Suspend
 .text.USBD_LL_Resume
                0x08008a9c       0x30 ./Middlewares/ST/STM32_USB_Device_Library/Core/Src/usbd_core.o
                0x08008a9c                USBD_LL_Resume
 .text.USBD_LL_SOF
                0x08008acc       0x40 ./Middlewares/ST/STM32_USB_Device_Library/Core/Src/usbd_core.o
                0x08008acc                USBD_LL_SOF
 .text.USBD_LL_IsoINIncomplete
                0x08008b0c       0x64 ./Middlewares/ST/STM32_USB_Device_Library/Core/Src/usbd_core.o
                0x08008b0c                USBD_LL_IsoINIncomplete
 .text.USBD_LL_IsoOUTIncomplete
                0x08008b70       0x64 ./Middlewares/ST/STM32_USB_Device_Library/Core/Src/usbd_core.o
                0x08008b70                USBD_LL_IsoOUTIncomplete
 .text.USBD_LL_DevConnected
                0x08008bd4       0x16 ./Middlewares/ST/STM32_USB_Device_Library/Core/Src/usbd_core.o
                0x08008bd4                USBD_LL_DevConnected
 .text.USBD_LL_DevDisconnected
                0x08008bea       0x46 ./Middlewares/ST/STM32_USB_Device_Library/Core/Src/usbd_core.o
                0x08008bea                USBD_LL_DevDisconnected
 .text.USBD_CoreFindIF
                0x08008c30       0x1a ./Middlewares/ST/STM32_USB_Device_Library/Core/Src/usbd_core.o
                0x08008c30                USBD_CoreFindIF
 .text.USBD_CoreFindEP
                0x08008c4a       0x1a ./Middlewares/ST/STM32_USB_Device_Library/Core/Src/usbd_core.o
                0x08008c4a                USBD_CoreFindEP
 .text.USBD_GetEpDesc
                0x08008c64       0x70 ./Middlewares/ST/STM32_USB_Device_Library/Core/Src/usbd_core.o
                0x08008c64                USBD_GetEpDesc
 .text.USBD_GetNextDesc
                0x08008cd4       0x38 ./Middlewares/ST/STM32_USB_Device_Library/Core/Src/usbd_core.o
                0x08008cd4                USBD_GetNextDesc
 .text.SWAPBYTE
                0x08008d0c       0x3e ./Middlewares/ST/STM32_USB_Device_Library/Core/Src/usbd_ctlreq.o
 *fill*         0x08008d4a        0x2 
 .text.USBD_StdDevReq
                0x08008d4c       0xe4 ./Middlewares/ST/STM32_USB_Device_Library/Core/Src/usbd_ctlreq.o
                0x08008d4c                USBD_StdDevReq
 .text.USBD_StdItfReq
                0x08008e30       0xd8 ./Middlewares/ST/STM32_USB_Device_Library/Core/Src/usbd_ctlreq.o
                0x08008e30                USBD_StdItfReq
 .text.USBD_StdEPReq
                0x08008f08      0x33e ./Middlewares/ST/STM32_USB_Device_Library/Core/Src/usbd_ctlreq.o
                0x08008f08                USBD_StdEPReq
 *fill*         0x08009246        0x2 
 .text.USBD_GetDescriptor
                0x08009248      0x2d4 ./Middlewares/ST/STM32_USB_Device_Library/Core/Src/usbd_ctlreq.o
 .text.USBD_SetAddress
                0x0800951c       0x88 ./Middlewares/ST/STM32_USB_Device_Library/Core/Src/usbd_ctlreq.o
 .text.USBD_SetConfig
                0x080095a4      0x154 ./Middlewares/ST/STM32_USB_Device_Library/Core/Src/usbd_ctlreq.o
 .text.USBD_GetConfig
                0x080096f8       0x6c ./Middlewares/ST/STM32_USB_Device_Library/Core/Src/usbd_ctlreq.o
 .text.USBD_GetStatus
                0x08009764       0x68 ./Middlewares/ST/STM32_USB_Device_Library/Core/Src/usbd_ctlreq.o
 .text.USBD_SetFeature
                0x080097cc       0x52 ./Middlewares/ST/STM32_USB_Device_Library/Core/Src/usbd_ctlreq.o
 .text.USBD_ClrFeature
                0x0800981e       0x44 ./Middlewares/ST/STM32_USB_Device_Library/Core/Src/usbd_ctlreq.o
 .text.USBD_ParseSetupRequest
                0x08009862       0x74 ./Middlewares/ST/STM32_USB_Device_Library/Core/Src/usbd_ctlreq.o
                0x08009862                USBD_ParseSetupRequest
 .text.USBD_CtlError
                0x080098d6       0x22 ./Middlewares/ST/STM32_USB_Device_Library/Core/Src/usbd_ctlreq.o
                0x080098d6                USBD_CtlError
 .text.USBD_GetString
                0x080098f8       0xa4 ./Middlewares/ST/STM32_USB_Device_Library/Core/Src/usbd_ctlreq.o
                0x080098f8                USBD_GetString
 .text.USBD_GetLen
                0x0800999c       0x34 ./Middlewares/ST/STM32_USB_Device_Library/Core/Src/usbd_ctlreq.o
 .text.USBD_CtlSendData
                0x080099d0       0x3c ./Middlewares/ST/STM32_USB_Device_Library/Core/Src/usbd_ioreq.o
                0x080099d0                USBD_CtlSendData
 .text.USBD_CtlContinueSendData
                0x08009a0c       0x22 ./Middlewares/ST/STM32_USB_Device_Library/Core/Src/usbd_ioreq.o
                0x08009a0c                USBD_CtlContinueSendData
 .text.USBD_CtlPrepareRx
                0x08009a2e       0x42 ./Middlewares/ST/STM32_USB_Device_Library/Core/Src/usbd_ioreq.o
                0x08009a2e                USBD_CtlPrepareRx
 .text.USBD_CtlContinueRx
                0x08009a70       0x22 ./Middlewares/ST/STM32_USB_Device_Library/Core/Src/usbd_ioreq.o
                0x08009a70                USBD_CtlContinueRx
 .text.USBD_CtlSendStatus
                0x08009a92       0x26 ./Middlewares/ST/STM32_USB_Device_Library/Core/Src/usbd_ioreq.o
                0x08009a92                USBD_CtlSendStatus
 .text.USBD_CtlReceiveStatus
                0x08009ab8       0x26 ./Middlewares/ST/STM32_USB_Device_Library/Core/Src/usbd_ioreq.o
                0x08009ab8                USBD_CtlReceiveStatus
 *fill*         0x08009ade        0x2 
 .text.MX_USB_DEVICE_Init
                0x08009ae0       0x60 ./USB_DEVICE/App/usb_device.o
                0x08009ae0                MX_USB_DEVICE_Init
 .text.CDC_Init_FS
                0x08009b40       0x28 ./USB_DEVICE/App/usbd_cdc_if.o
 .text.CDC_DeInit_FS
                0x08009b68       0x10 ./USB_DEVICE/App/usbd_cdc_if.o
 .text.CDC_Control_FS
                0x08009b78       0xbc ./USB_DEVICE/App/usbd_cdc_if.o
 .text.CDC_Receive_FS
                0x08009c34       0x28 ./USB_DEVICE/App/usbd_cdc_if.o
 .text.CDC_Transmit_FS
                0x08009c5c       0x70 ./USB_DEVICE/App/usbd_cdc_if.o
                0x08009c5c                CDC_Transmit_FS
 .text.CDC_TransmitCplt_FS
                0x08009ccc       0x22 ./USB_DEVICE/App/usbd_cdc_if.o
 *fill*         0x08009cee        0x2 
 .text.USBD_FS_DeviceDescriptor
                0x08009cf0       0x24 ./USB_DEVICE/App/usbd_desc.o
                0x08009cf0                USBD_FS_DeviceDescriptor
 .text.USBD_FS_LangIDStrDescriptor
                0x08009d14       0x24 ./USB_DEVICE/App/usbd_desc.o
                0x08009d14                USBD_FS_LangIDStrDescriptor
 .text.USBD_FS_ProductStrDescriptor
                0x08009d38       0x3c ./USB_DEVICE/App/usbd_desc.o
                0x08009d38                USBD_FS_ProductStrDescriptor
 .text.USBD_FS_ManufacturerStrDescriptor
                0x08009d74       0x28 ./USB_DEVICE/App/usbd_desc.o
                0x08009d74                USBD_FS_ManufacturerStrDescriptor
 .text.USBD_FS_SerialStrDescriptor
                0x08009d9c       0x24 ./USB_DEVICE/App/usbd_desc.o
                0x08009d9c                USBD_FS_SerialStrDescriptor
 .text.USBD_FS_ConfigStrDescriptor
                0x08009dc0       0x3c ./USB_DEVICE/App/usbd_desc.o
                0x08009dc0                USBD_FS_ConfigStrDescriptor
 .text.USBD_FS_InterfaceStrDescriptor
                0x08009dfc       0x3c ./USB_DEVICE/App/usbd_desc.o
                0x08009dfc                USBD_FS_InterfaceStrDescriptor
 .text.Get_SerialNum
                0x08009e38       0x58 ./USB_DEVICE/App/usbd_desc.o
 .text.IntToUnicode
                0x08009e90       0x7e ./USB_DEVICE/App/usbd_desc.o
 *fill*         0x08009f0e        0x2 
 .text.HAL_PCD_MspInit
                0x08009f10       0xa8 ./USB_DEVICE/Target/usbd_conf.o
                0x08009f10                HAL_PCD_MspInit
 .text.HAL_PCD_SetupStageCallback
                0x08009fb8       0x24 ./USB_DEVICE/Target/usbd_conf.o
                0x08009fb8                HAL_PCD_SetupStageCallback
 .text.HAL_PCD_DataOutStageCallback
                0x08009fdc       0x36 ./USB_DEVICE/Target/usbd_conf.o
                0x08009fdc                HAL_PCD_DataOutStageCallback
 .text.HAL_PCD_DataInStageCallback
                0x0800a012       0x34 ./USB_DEVICE/Target/usbd_conf.o
                0x0800a012                HAL_PCD_DataInStageCallback
 .text.HAL_PCD_SOFCallback
                0x0800a046       0x1c ./USB_DEVICE/Target/usbd_conf.o
                0x0800a046                HAL_PCD_SOFCallback
 .text.HAL_PCD_ResetCallback
                0x0800a062       0x3c ./USB_DEVICE/Target/usbd_conf.o
                0x0800a062                HAL_PCD_ResetCallback
 *fill*         0x0800a09e        0x2 
 .text.HAL_PCD_SuspendCallback
                0x0800a0a0       0x4c ./USB_DEVICE/Target/usbd_conf.o
                0x0800a0a0                HAL_PCD_SuspendCallback
 .text.HAL_PCD_ResumeCallback
                0x0800a0ec       0x1c ./USB_DEVICE/Target/usbd_conf.o
                0x0800a0ec                HAL_PCD_ResumeCallback
 .text.HAL_PCD_ISOOUTIncompleteCallback
                0x0800a108       0x24 ./USB_DEVICE/Target/usbd_conf.o
                0x0800a108                HAL_PCD_ISOOUTIncompleteCallback
 .text.HAL_PCD_ISOINIncompleteCallback
                0x0800a12c       0x24 ./USB_DEVICE/Target/usbd_conf.o
                0x0800a12c                HAL_PCD_ISOINIncompleteCallback
 .text.HAL_PCD_ConnectCallback
                0x0800a150       0x1c ./USB_DEVICE/Target/usbd_conf.o
                0x0800a150                HAL_PCD_ConnectCallback
 .text.HAL_PCD_DisconnectCallback
                0x0800a16c       0x1c ./USB_DEVICE/Target/usbd_conf.o
                0x0800a16c                HAL_PCD_DisconnectCallback
 .text.USBD_LL_Init
                0x0800a188       0x98 ./USB_DEVICE/Target/usbd_conf.o
                0x0800a188                USBD_LL_Init
 .text.USBD_LL_Start
                0x0800a220       0x36 ./USB_DEVICE/Target/usbd_conf.o
                0x0800a220                USBD_LL_Start
 .text.USBD_LL_OpenEP
                0x0800a256       0x4c ./USB_DEVICE/Target/usbd_conf.o
                0x0800a256                USBD_LL_OpenEP
 .text.USBD_LL_CloseEP
                0x0800a2a2       0x3e ./USB_DEVICE/Target/usbd_conf.o
                0x0800a2a2                USBD_LL_CloseEP
 .text.USBD_LL_StallEP
                0x0800a2e0       0x3e ./USB_DEVICE/Target/usbd_conf.o
                0x0800a2e0                USBD_LL_StallEP
 .text.USBD_LL_ClearStallEP
                0x0800a31e       0x3e ./USB_DEVICE/Target/usbd_conf.o
                0x0800a31e                USBD_LL_ClearStallEP
 .text.USBD_LL_IsStallEP
                0x0800a35c       0x58 ./USB_DEVICE/Target/usbd_conf.o
                0x0800a35c                USBD_LL_IsStallEP
 .text.USBD_LL_SetUSBAddress
                0x0800a3b4       0x3e ./USB_DEVICE/Target/usbd_conf.o
                0x0800a3b4                USBD_LL_SetUSBAddress
 .text.USBD_LL_Transmit
                0x0800a3f2       0x42 ./USB_DEVICE/Target/usbd_conf.o
                0x0800a3f2                USBD_LL_Transmit
 .text.USBD_LL_PrepareReceive
                0x0800a434       0x42 ./USB_DEVICE/Target/usbd_conf.o
                0x0800a434                USBD_LL_PrepareReceive
 .text.USBD_LL_GetRxDataSize
                0x0800a476       0x26 ./USB_DEVICE/Target/usbd_conf.o
                0x0800a476                USBD_LL_GetRxDataSize
 .text.USBD_static_malloc
                0x0800a49c       0x1c ./USB_DEVICE/Target/usbd_conf.o
                0x0800a49c                USBD_static_malloc
 .text.USBD_static_free
                0x0800a4b8       0x14 ./USB_DEVICE/Target/usbd_conf.o
                0x0800a4b8                USBD_static_free
 .text.USBD_Get_USB_Status
                0x0800a4cc       0x58 ./USB_DEVICE/Target/usbd_conf.o
                0x0800a4cc                USBD_Get_USB_Status
 .text.std      0x0800a524       0x6c C:/Users/bront/STM32CubeIDE_1.19.0/STM32CubeIDE/plugins/com.st.stm32cube.ide.mcu.externaltools.gnu-tools-for-stm32.13.3.rel1.win32_1.0.0.202411081344/tools/bin/../lib/gcc/arm-none-eabi/13.3.1/../../../../arm-none-eabi/lib/thumb/v7e-m+fp/hard\libc_nano.a(libc_a-findfp.o)
 .text.stdio_exit_handler
                0x0800a590       0x18 C:/Users/bront/STM32CubeIDE_1.19.0/STM32CubeIDE/plugins/com.st.stm32cube.ide.mcu.externaltools.gnu-tools-for-stm32.13.3.rel1.win32_1.0.0.202411081344/tools/bin/../lib/gcc/arm-none-eabi/13.3.1/../../../../arm-none-eabi/lib/thumb/v7e-m+fp/hard\libc_nano.a(libc_a-findfp.o)
 .text.cleanup_stdio
                0x0800a5a8       0x40 C:/Users/bront/STM32CubeIDE_1.19.0/STM32CubeIDE/plugins/com.st.stm32cube.ide.mcu.externaltools.gnu-tools-for-stm32.13.3.rel1.win32_1.0.0.202411081344/tools/bin/../lib/gcc/arm-none-eabi/13.3.1/../../../../arm-none-eabi/lib/thumb/v7e-m+fp/hard\libc_nano.a(libc_a-findfp.o)
 .text.global_stdio_init.part.0
                0x0800a5e8       0x3c C:/Users/bront/STM32CubeIDE_1.19.0/STM32CubeIDE/plugins/com.st.stm32cube.ide.mcu.externaltools.gnu-tools-for-stm32.13.3.rel1.win32_1.0.0.202411081344/tools/bin/../lib/gcc/arm-none-eabi/13.3.1/../../../../arm-none-eabi/lib/thumb/v7e-m+fp/hard\libc_nano.a(libc_a-findfp.o)
 .text.__sfp_lock_acquire
                0x0800a624        0xc C:/Users/bront/STM32CubeIDE_1.19.0/STM32CubeIDE/plugins/com.st.stm32cube.ide.mcu.externaltools.gnu-tools-for-stm32.13.3.rel1.win32_1.0.0.202411081344/tools/bin/../lib/gcc/arm-none-eabi/13.3.1/../../../../arm-none-eabi/lib/thumb/v7e-m+fp/hard\libc_nano.a(libc_a-findfp.o)
                0x0800a624                __sfp_lock_acquire
 .text.__sfp_lock_release
                0x0800a630        0xc C:/Users/bront/STM32CubeIDE_1.19.0/STM32CubeIDE/plugins/com.st.stm32cube.ide.mcu.externaltools.gnu-tools-for-stm32.13.3.rel1.win32_1.0.0.202411081344/tools/bin/../lib/gcc/arm-none-eabi/13.3.1/../../../../arm-none-eabi/lib/thumb/v7e-m+fp/hard\libc_nano.a(libc_a-findfp.o)
                0x0800a630                __sfp_lock_release
 .text.__sinit  0x0800a63c       0x30 C:/Users/bront/STM32CubeIDE_1.19.0/STM32CubeIDE/plugins/com.st.stm32cube.ide.mcu.externaltools.gnu-tools-for-stm32.13.3.rel1.win32_1.0.0.202411081344/tools/bin/../lib/gcc/arm-none-eabi/13.3.1/../../../../arm-none-eabi/lib/thumb/v7e-m+fp/hard\libc_nano.a(libc_a-findfp.o)
                0x0800a63c                __sinit
 .text._fwalk_sglue
                0x0800a66c       0x3c C:/Users/bront/STM32CubeIDE_1.19.0/STM32CubeIDE/plugins/com.st.stm32cube.ide.mcu.externaltools.gnu-tools-for-stm32.13.3.rel1.win32_1.0.0.202411081344/tools/bin/../lib/gcc/arm-none-eabi/13.3.1/../../../../arm-none-eabi/lib/thumb/v7e-m+fp/hard\libc_nano.a(libc_a-fwalk.o)
                0x0800a66c                _fwalk_sglue
 .text.printf   0x0800a6a8       0x24 C:/Users/bront/STM32CubeIDE_1.19.0/STM32CubeIDE/plugins/com.st.stm32cube.ide.mcu.externaltools.gnu-tools-for-stm32.13.3.rel1.win32_1.0.0.202411081344/tools/bin/../lib/gcc/arm-none-eabi/13.3.1/../../../../arm-none-eabi/lib/thumb/v7e-m+fp/hard\libc_nano.a(libc_a-printf.o)
                0x0800a6a8                iprintf
                0x0800a6a8                printf
 .text._puts_r  0x0800a6cc       0xaa C:/Users/bront/STM32CubeIDE_1.19.0/STM32CubeIDE/plugins/com.st.stm32cube.ide.mcu.externaltools.gnu-tools-for-stm32.13.3.rel1.win32_1.0.0.202411081344/tools/bin/../lib/gcc/arm-none-eabi/13.3.1/../../../../arm-none-eabi/lib/thumb/v7e-m+fp/hard\libc_nano.a(libc_a-puts.o)
                0x0800a6cc                _puts_r
 *fill*         0x0800a776        0x2 
 .text.puts     0x0800a778       0x10 C:/Users/bront/STM32CubeIDE_1.19.0/STM32CubeIDE/plugins/com.st.stm32cube.ide.mcu.externaltools.gnu-tools-for-stm32.13.3.rel1.win32_1.0.0.202411081344/tools/bin/../lib/gcc/arm-none-eabi/13.3.1/../../../../arm-none-eabi/lib/thumb/v7e-m+fp/hard\libc_nano.a(libc_a-puts.o)
                0x0800a778                puts
 .text.__sread  0x0800a788       0x22 C:/Users/bront/STM32CubeIDE_1.19.0/STM32CubeIDE/plugins/com.st.stm32cube.ide.mcu.externaltools.gnu-tools-for-stm32.13.3.rel1.win32_1.0.0.202411081344/tools/bin/../lib/gcc/arm-none-eabi/13.3.1/../../../../arm-none-eabi/lib/thumb/v7e-m+fp/hard\libc_nano.a(libc_a-stdio.o)
                0x0800a788                __sread
 .text.__swrite
                0x0800a7aa       0x38 C:/Users/bront/STM32CubeIDE_1.19.0/STM32CubeIDE/plugins/com.st.stm32cube.ide.mcu.externaltools.gnu-tools-for-stm32.13.3.rel1.win32_1.0.0.202411081344/tools/bin/../lib/gcc/arm-none-eabi/13.3.1/../../../../arm-none-eabi/lib/thumb/v7e-m+fp/hard\libc_nano.a(libc_a-stdio.o)
                0x0800a7aa                __swrite
 .text.__sseek  0x0800a7e2       0x24 C:/Users/bront/STM32CubeIDE_1.19.0/STM32CubeIDE/plugins/com.st.stm32cube.ide.mcu.externaltools.gnu-tools-for-stm32.13.3.rel1.win32_1.0.0.202411081344/tools/bin/../lib/gcc/arm-none-eabi/13.3.1/../../../../arm-none-eabi/lib/thumb/v7e-m+fp/hard\libc_nano.a(libc_a-stdio.o)
                0x0800a7e2                __sseek
 .text.__sclose
                0x0800a806        0x8 C:/Users/bront/STM32CubeIDE_1.19.0/STM32CubeIDE/plugins/com.st.stm32cube.ide.mcu.externaltools.gnu-tools-for-stm32.13.3.rel1.win32_1.0.0.202411081344/tools/bin/../lib/gcc/arm-none-eabi/13.3.1/../../../../arm-none-eabi/lib/thumb/v7e-m+fp/hard\libc_nano.a(libc_a-stdio.o)
                0x0800a806                __sclose
 .text._vsnprintf_r
                0x0800a80e       0x5c C:/Users/bront/STM32CubeIDE_1.19.0/STM32CubeIDE/plugins/com.st.stm32cube.ide.mcu.externaltools.gnu-tools-for-stm32.13.3.rel1.win32_1.0.0.202411081344/tools/bin/../lib/gcc/arm-none-eabi/13.3.1/../../../../arm-none-eabi/lib/thumb/v7e-m+fp/hard\libc_nano.a(libc_a-vsnprintf.o)
                0x0800a80e                _vsniprintf_r
                0x0800a80e                _vsnprintf_r
 *fill*         0x0800a86a        0x2 
 .text.vsnprintf
                0x0800a86c       0x1c C:/Users/bront/STM32CubeIDE_1.19.0/STM32CubeIDE/plugins/com.st.stm32cube.ide.mcu.externaltools.gnu-tools-for-stm32.13.3.rel1.win32_1.0.0.202411081344/tools/bin/../lib/gcc/arm-none-eabi/13.3.1/../../../../arm-none-eabi/lib/thumb/v7e-m+fp/hard\libc_nano.a(libc_a-vsnprintf.o)
                0x0800a86c                vsniprintf
                0x0800a86c                vsnprintf
 .text.__swbuf_r
                0x0800a888       0x7c C:/Users/bront/STM32CubeIDE_1.19.0/STM32CubeIDE/plugins/com.st.stm32cube.ide.mcu.externaltools.gnu-tools-for-stm32.13.3.rel1.win32_1.0.0.202411081344/tools/bin/../lib/gcc/arm-none-eabi/13.3.1/../../../../arm-none-eabi/lib/thumb/v7e-m+fp/hard\libc_nano.a(libc_a-wbuf.o)
                0x0800a888                __swbuf_r
 .text.__swsetup_r
                0x0800a904       0xac C:/Users/bront/STM32CubeIDE_1.19.0/STM32CubeIDE/plugins/com.st.stm32cube.ide.mcu.externaltools.gnu-tools-for-stm32.13.3.rel1.win32_1.0.0.202411081344/tools/bin/../lib/gcc/arm-none-eabi/13.3.1/../../../../arm-none-eabi/lib/thumb/v7e-m+fp/hard\libc_nano.a(libc_a-wsetup.o)
                0x0800a904                __swsetup_r
 .text.memset   0x0800a9b0       0x10 C:/Users/bront/STM32CubeIDE_1.19.0/STM32CubeIDE/plugins/com.st.stm32cube.ide.mcu.externaltools.gnu-tools-for-stm32.13.3.rel1.win32_1.0.0.202411081344/tools/bin/../lib/gcc/arm-none-eabi/13.3.1/../../../../arm-none-eabi/lib/thumb/v7e-m+fp/hard\libc_nano.a(libc_a-memset.o)
                0x0800a9b0                memset
 .text._close_r
                0x0800a9c0       0x20 C:/Users/bront/STM32CubeIDE_1.19.0/STM32CubeIDE/plugins/com.st.stm32cube.ide.mcu.externaltools.gnu-tools-for-stm32.13.3.rel1.win32_1.0.0.202411081344/tools/bin/../lib/gcc/arm-none-eabi/13.3.1/../../../../arm-none-eabi/lib/thumb/v7e-m+fp/hard\libc_nano.a(libc_a-closer.o)
                0x0800a9c0                _close_r
 .text._lseek_r
                0x0800a9e0       0x24 C:/Users/bront/STM32CubeIDE_1.19.0/STM32CubeIDE/plugins/com.st.stm32cube.ide.mcu.externaltools.gnu-tools-for-stm32.13.3.rel1.win32_1.0.0.202411081344/tools/bin/../lib/gcc/arm-none-eabi/13.3.1/../../../../arm-none-eabi/lib/thumb/v7e-m+fp/hard\libc_nano.a(libc_a-lseekr.o)
                0x0800a9e0                _lseek_r
 .text._read_r  0x0800aa04       0x24 C:/Users/bront/STM32CubeIDE_1.19.0/STM32CubeIDE/plugins/com.st.stm32cube.ide.mcu.externaltools.gnu-tools-for-stm32.13.3.rel1.win32_1.0.0.202411081344/tools/bin/../lib/gcc/arm-none-eabi/13.3.1/../../../../arm-none-eabi/lib/thumb/v7e-m+fp/hard\libc_nano.a(libc_a-readr.o)
                0x0800aa04                _read_r
 .text._write_r
                0x0800aa28       0x24 C:/Users/bront/STM32CubeIDE_1.19.0/STM32CubeIDE/plugins/com.st.stm32cube.ide.mcu.externaltools.gnu-tools-for-stm32.13.3.rel1.win32_1.0.0.202411081344/tools/bin/../lib/gcc/arm-none-eabi/13.3.1/../../../../arm-none-eabi/lib/thumb/v7e-m+fp/hard\libc_nano.a(libc_a-writer.o)
                0x0800aa28                _write_r
 .text.__errno  0x0800aa4c        0xc C:/Users/bront/STM32CubeIDE_1.19.0/STM32CubeIDE/plugins/com.st.stm32cube.ide.mcu.externaltools.gnu-tools-for-stm32.13.3.rel1.win32_1.0.0.202411081344/tools/bin/../lib/gcc/arm-none-eabi/13.3.1/../../../../arm-none-eabi/lib/thumb/v7e-m+fp/hard\libc_nano.a(libc_a-errno.o)
                0x0800aa4c                __errno
 .text.__libc_init_array
                0x0800aa58       0x48 C:/Users/bront/STM32CubeIDE_1.19.0/STM32CubeIDE/plugins/com.st.stm32cube.ide.mcu.externaltools.gnu-tools-for-stm32.13.3.rel1.win32_1.0.0.202411081344/tools/bin/../lib/gcc/arm-none-eabi/13.3.1/../../../../arm-none-eabi/lib/thumb/v7e-m+fp/hard\libc_nano.a(libc_a-init.o)
                0x0800aa58                __libc_init_array
 .text.__retarget_lock_init_recursive
                0x0800aaa0        0x2 C:/Users/bront/STM32CubeIDE_1.19.0/STM32CubeIDE/plugins/com.st.stm32cube.ide.mcu.externaltools.gnu-tools-for-stm32.13.3.rel1.win32_1.0.0.202411081344/tools/bin/../lib/gcc/arm-none-eabi/13.3.1/../../../../arm-none-eabi/lib/thumb/v7e-m+fp/hard\libc_nano.a(libc_a-lock.o)
                0x0800aaa0                __retarget_lock_init_recursive
 .text.__retarget_lock_acquire_recursive
                0x0800aaa2        0x2 C:/Users/bront/STM32CubeIDE_1.19.0/STM32CubeIDE/plugins/com.st.stm32cube.ide.mcu.externaltools.gnu-tools-for-stm32.13.3.rel1.win32_1.0.0.202411081344/tools/bin/../lib/gcc/arm-none-eabi/13.3.1/../../../../arm-none-eabi/lib/thumb/v7e-m+fp/hard\libc_nano.a(libc_a-lock.o)
                0x0800aaa2                __retarget_lock_acquire_recursive
 .text.__retarget_lock_release_recursive
                0x0800aaa4        0x2 C:/Users/bront/STM32CubeIDE_1.19.0/STM32CubeIDE/plugins/com.st.stm32cube.ide.mcu.externaltools.gnu-tools-for-stm32.13.3.rel1.win32_1.0.0.202411081344/tools/bin/../lib/gcc/arm-none-eabi/13.3.1/../../../../arm-none-eabi/lib/thumb/v7e-m+fp/hard\libc_nano.a(libc_a-lock.o)
                0x0800aaa4                __retarget_lock_release_recursive
 .text.memcpy   0x0800aaa6       0x1c C:/Users/bront/STM32CubeIDE_1.19.0/STM32CubeIDE/plugins/com.st.stm32cube.ide.mcu.externaltools.gnu-tools-for-stm32.13.3.rel1.win32_1.0.0.202411081344/tools/bin/../lib/gcc/arm-none-eabi/13.3.1/../../../../arm-none-eabi/lib/thumb/v7e-m+fp/hard\libc_nano.a(libc_a-memcpy-stub.o)
                0x0800aaa6                memcpy
 *fill*         0x0800aac2        0x2 
 .text._free_r  0x0800aac4       0x94 C:/Users/bront/STM32CubeIDE_1.19.0/STM32CubeIDE/plugins/com.st.stm32cube.ide.mcu.externaltools.gnu-tools-for-stm32.13.3.rel1.win32_1.0.0.202411081344/tools/bin/../lib/gcc/arm-none-eabi/13.3.1/../../../../arm-none-eabi/lib/thumb/v7e-m+fp/hard\libc_nano.a(libc_a-freer.o)
                0x0800aac4                _free_r
 .text.sbrk_aligned
                0x0800ab58       0x44 C:/Users/bront/STM32CubeIDE_1.19.0/STM32CubeIDE/plugins/com.st.stm32cube.ide.mcu.externaltools.gnu-tools-for-stm32.13.3.rel1.win32_1.0.0.202411081344/tools/bin/../lib/gcc/arm-none-eabi/13.3.1/../../../../arm-none-eabi/lib/thumb/v7e-m+fp/hard\libc_nano.a(libc_a-mallocr.o)
 .text._malloc_r
                0x0800ab9c      0x100 C:/Users/bront/STM32CubeIDE_1.19.0/STM32CubeIDE/plugins/com.st.stm32cube.ide.mcu.externaltools.gnu-tools-for-stm32.13.3.rel1.win32_1.0.0.202411081344/tools/bin/../lib/gcc/arm-none-eabi/13.3.1/../../../../arm-none-eabi/lib/thumb/v7e-m+fp/hard\libc_nano.a(libc_a-mallocr.o)
                0x0800ab9c                _malloc_r
 .text.__malloc_lock
                0x0800ac9c        0xc C:/Users/bront/STM32CubeIDE_1.19.0/STM32CubeIDE/plugins/com.st.stm32cube.ide.mcu.externaltools.gnu-tools-for-stm32.13.3.rel1.win32_1.0.0.202411081344/tools/bin/../lib/gcc/arm-none-eabi/13.3.1/../../../../arm-none-eabi/lib/thumb/v7e-m+fp/hard\libc_nano.a(libc_a-mlock.o)
                0x0800ac9c                __malloc_lock
 .text.__malloc_unlock
                0x0800aca8        0xc C:/Users/bront/STM32CubeIDE_1.19.0/STM32CubeIDE/plugins/com.st.stm32cube.ide.mcu.externaltools.gnu-tools-for-stm32.13.3.rel1.win32_1.0.0.202411081344/tools/bin/../lib/gcc/arm-none-eabi/13.3.1/../../../../arm-none-eabi/lib/thumb/v7e-m+fp/hard\libc_nano.a(libc_a-mlock.o)
                0x0800aca8                __malloc_unlock
 .text.__ssputs_r
                0x0800acb4       0xb6 C:/Users/bront/STM32CubeIDE_1.19.0/STM32CubeIDE/plugins/com.st.stm32cube.ide.mcu.externaltools.gnu-tools-for-stm32.13.3.rel1.win32_1.0.0.202411081344/tools/bin/../lib/gcc/arm-none-eabi/13.3.1/../../../../arm-none-eabi/lib/thumb/v7e-m+fp/hard\libc_nano.a(libc_a-nano-svfprintf.o)
                0x0800acb4                __ssputs_r
 *fill*         0x0800ad6a        0x2 
 .text._svfprintf_r
                0x0800ad6c      0x1f8 C:/Users/bront/STM32CubeIDE_1.19.0/STM32CubeIDE/plugins/com.st.stm32cube.ide.mcu.externaltools.gnu-tools-for-stm32.13.3.rel1.win32_1.0.0.202411081344/tools/bin/../lib/gcc/arm-none-eabi/13.3.1/../../../../arm-none-eabi/lib/thumb/v7e-m+fp/hard\libc_nano.a(libc_a-nano-svfprintf.o)
                0x0800ad6c                _svfiprintf_r
                0x0800ad6c                _svfprintf_r
 .text.__sfputc_r
                0x0800af64       0x2e C:/Users/bront/STM32CubeIDE_1.19.0/STM32CubeIDE/plugins/com.st.stm32cube.ide.mcu.externaltools.gnu-tools-for-stm32.13.3.rel1.win32_1.0.0.202411081344/tools/bin/../lib/gcc/arm-none-eabi/13.3.1/../../../../arm-none-eabi/lib/thumb/v7e-m+fp/hard\libc_nano.a(libc_a-nano-vfprintf.o)
 .text.__sfputs_r
                0x0800af92       0x24 C:/Users/bront/STM32CubeIDE_1.19.0/STM32CubeIDE/plugins/com.st.stm32cube.ide.mcu.externaltools.gnu-tools-for-stm32.13.3.rel1.win32_1.0.0.202411081344/tools/bin/../lib/gcc/arm-none-eabi/13.3.1/../../../../arm-none-eabi/lib/thumb/v7e-m+fp/hard\libc_nano.a(libc_a-nano-vfprintf.o)
                0x0800af92                __sfputs_r
 *fill*         0x0800afb6        0x2 
 .text._vfprintf_r
                0x0800afb8      0x230 C:/Users/bront/STM32CubeIDE_1.19.0/STM32CubeIDE/plugins/com.st.stm32cube.ide.mcu.externaltools.gnu-tools-for-stm32.13.3.rel1.win32_1.0.0.202411081344/tools/bin/../lib/gcc/arm-none-eabi/13.3.1/../../../../arm-none-eabi/lib/thumb/v7e-m+fp/hard\libc_nano.a(libc_a-nano-vfprintf.o)
                0x0800afb8                _vfprintf_r
                0x0800afb8                _vfiprintf_r
 .text._printf_common
                0x0800b1e8       0xda C:/Users/bront/STM32CubeIDE_1.19.0/STM32CubeIDE/plugins/com.st.stm32cube.ide.mcu.externaltools.gnu-tools-for-stm32.13.3.rel1.win32_1.0.0.202411081344/tools/bin/../lib/gcc/arm-none-eabi/13.3.1/../../../../arm-none-eabi/lib/thumb/v7e-m+fp/hard\libc_nano.a(libc_a-nano-vfprintf_i.o)
                0x0800b1e8                _printf_common
 *fill*         0x0800b2c2        0x2 
 .text._printf_i
                0x0800b2c4      0x23c C:/Users/bront/STM32CubeIDE_1.19.0/STM32CubeIDE/plugins/com.st.stm32cube.ide.mcu.externaltools.gnu-tools-for-stm32.13.3.rel1.win32_1.0.0.202411081344/tools/bin/../lib/gcc/arm-none-eabi/13.3.1/../../../../arm-none-eabi/lib/thumb/v7e-m+fp/hard\libc_nano.a(libc_a-nano-vfprintf_i.o)
                0x0800b2c4                _printf_i
 .text.__sflush_r
                0x0800b500      0x108 C:/Users/bront/STM32CubeIDE_1.19.0/STM32CubeIDE/plugins/com.st.stm32cube.ide.mcu.externaltools.gnu-tools-for-stm32.13.3.rel1.win32_1.0.0.202411081344/tools/bin/../lib/gcc/arm-none-eabi/13.3.1/../../../../arm-none-eabi/lib/thumb/v7e-m+fp/hard\libc_nano.a(libc_a-fflush.o)
                0x0800b500                __sflush_r
 .text._fflush_r
                0x0800b608       0x50 C:/Users/bront/STM32CubeIDE_1.19.0/STM32CubeIDE/plugins/com.st.stm32cube.ide.mcu.externaltools.gnu-tools-for-stm32.13.3.rel1.win32_1.0.0.202411081344/tools/bin/../lib/gcc/arm-none-eabi/13.3.1/../../../../arm-none-eabi/lib/thumb/v7e-m+fp/hard\libc_nano.a(libc_a-fflush.o)
                0x0800b608                _fflush_r
 .text.__swhatbuf_r
                0x0800b658       0x4c C:/Users/bront/STM32CubeIDE_1.19.0/STM32CubeIDE/plugins/com.st.stm32cube.ide.mcu.externaltools.gnu-tools-for-stm32.13.3.rel1.win32_1.0.0.202411081344/tools/bin/../lib/gcc/arm-none-eabi/13.3.1/../../../../arm-none-eabi/lib/thumb/v7e-m+fp/hard\libc_nano.a(libc_a-makebuf.o)
                0x0800b658                __swhatbuf_r
 .text.__smakebuf_r
                0x0800b6a4       0x78 C:/Users/bront/STM32CubeIDE_1.19.0/STM32CubeIDE/plugins/com.st.stm32cube.ide.mcu.externaltools.gnu-tools-for-stm32.13.3.rel1.win32_1.0.0.202411081344/tools/bin/../lib/gcc/arm-none-eabi/13.3.1/../../../../arm-none-eabi/lib/thumb/v7e-m+fp/hard\libc_nano.a(libc_a-makebuf.o)
                0x0800b6a4                __smakebuf_r
 .text.memmove  0x0800b71c       0x34 C:/Users/bront/STM32CubeIDE_1.19.0/STM32CubeIDE/plugins/com.st.stm32cube.ide.mcu.externaltools.gnu-tools-for-stm32.13.3.rel1.win32_1.0.0.202411081344/tools/bin/../lib/gcc/arm-none-eabi/13.3.1/../../../../arm-none-eabi/lib/thumb/v7e-m+fp/hard\libc_nano.a(libc_a-memmove.o)
                0x0800b71c                memmove
 .text._fstat_r
                0x0800b750       0x24 C:/Users/bront/STM32CubeIDE_1.19.0/STM32CubeIDE/plugins/com.st.stm32cube.ide.mcu.externaltools.gnu-tools-for-stm32.13.3.rel1.win32_1.0.0.202411081344/tools/bin/../lib/gcc/arm-none-eabi/13.3.1/../../../../arm-none-eabi/lib/thumb/v7e-m+fp/hard\libc_nano.a(libc_a-fstatr.o)
                0x0800b750                _fstat_r
 .text._isatty_r
                0x0800b774       0x20 C:/Users/bront/STM32CubeIDE_1.19.0/STM32CubeIDE/plugins/com.st.stm32cube.ide.mcu.externaltools.gnu-tools-for-stm32.13.3.rel1.win32_1.0.0.202411081344/tools/bin/../lib/gcc/arm-none-eabi/13.3.1/../../../../arm-none-eabi/lib/thumb/v7e-m+fp/hard\libc_nano.a(libc_a-isattyr.o)
                0x0800b774                _isatty_r
 .text._sbrk_r  0x0800b794       0x20 C:/Users/bront/STM32CubeIDE_1.19.0/STM32CubeIDE/plugins/com.st.stm32cube.ide.mcu.externaltools.gnu-tools-for-stm32.13.3.rel1.win32_1.0.0.202411081344/tools/bin/../lib/gcc/arm-none-eabi/13.3.1/../../../../arm-none-eabi/lib/thumb/v7e-m+fp/hard\libc_nano.a(libc_a-sbrkr.o)
                0x0800b794                _sbrk_r
 .text._realloc_r
                0x0800b7b4       0x5c C:/Users/bront/STM32CubeIDE_1.19.0/STM32CubeIDE/plugins/com.st.stm32cube.ide.mcu.externaltools.gnu-tools-for-stm32.13.3.rel1.win32_1.0.0.202411081344/tools/bin/../lib/gcc/arm-none-eabi/13.3.1/../../../../arm-none-eabi/lib/thumb/v7e-m+fp/hard\libc_nano.a(libc_a-reallocr.o)
                0x0800b7b4                _realloc_r
 .text._malloc_usable_size_r
                0x0800b810       0x10 C:/Users/bront/STM32CubeIDE_1.19.0/STM32CubeIDE/plugins/com.st.stm32cube.ide.mcu.externaltools.gnu-tools-for-stm32.13.3.rel1.win32_1.0.0.202411081344/tools/bin/../lib/gcc/arm-none-eabi/13.3.1/../../../../arm-none-eabi/lib/thumb/v7e-m+fp/hard\libc_nano.a(libc_a-msizer.o)
                0x0800b810                _malloc_usable_size_r
 *(.glue_7)
 .glue_7        0x0800b820        0x0 linker stubs
 *(.glue_7t)
 .glue_7t       0x0800b820        0x0 linker stubs
 *(.eh_frame)
 .eh_frame      0x0800b820        0x0 C:/Users/bront/STM32CubeIDE_1.19.0/STM32CubeIDE/plugins/com.st.stm32cube.ide.mcu.externaltools.gnu-tools-for-stm32.13.3.rel1.win32_1.0.0.202411081344/tools/bin/../lib/gcc/arm-none-eabi/13.3.1/thumb/v7e-m+fp/hard/crtbegin.o
 *(.init)
 .init          0x0800b820        0x4 C:/Users/bront/STM32CubeIDE_1.19.0/STM32CubeIDE/plugins/com.st.stm32cube.ide.mcu.externaltools.gnu-tools-for-stm32.13.3.rel1.win32_1.0.0.202411081344/tools/bin/../lib/gcc/arm-none-eabi/13.3.1/thumb/v7e-m+fp/hard/crti.o
                0x0800b820                _init
 .init          0x0800b824        0x8 C:/Users/bront/STM32CubeIDE_1.19.0/STM32CubeIDE/plugins/com.st.stm32cube.ide.mcu.externaltools.gnu-tools-for-stm32.13.3.rel1.win32_1.0.0.202411081344/tools/bin/../lib/gcc/arm-none-eabi/13.3.1/thumb/v7e-m+fp/hard/crtn.o
 *(.fini)
 .fini          0x0800b82c        0x4 C:/Users/bront/STM32CubeIDE_1.19.0/STM32CubeIDE/plugins/com.st.stm32cube.ide.mcu.externaltools.gnu-tools-for-stm32.13.3.rel1.win32_1.0.0.202411081344/tools/bin/../lib/gcc/arm-none-eabi/13.3.1/thumb/v7e-m+fp/hard/crti.o
                0x0800b82c                _fini
 .fini          0x0800b830        0x8 C:/Users/bront/STM32CubeIDE_1.19.0/STM32CubeIDE/plugins/com.st.stm32cube.ide.mcu.externaltools.gnu-tools-for-stm32.13.3.rel1.win32_1.0.0.202411081344/tools/bin/../lib/gcc/arm-none-eabi/13.3.1/thumb/v7e-m+fp/hard/crtn.o
                0x0800b838                        . = ALIGN (0x4)
                0x0800b838                        _etext = .

.vfp11_veneer   0x0800b838        0x0
 .vfp11_veneer  0x0800b838        0x0 linker stubs

.v4_bx          0x0800b838        0x0
 .v4_bx         0x0800b838        0x0 linker stubs

.iplt           0x0800b838        0x0
 .iplt          0x0800b838        0x0 C:/Users/bront/STM32CubeIDE_1.19.0/STM32CubeIDE/plugins/com.st.stm32cube.ide.mcu.externaltools.gnu-tools-for-stm32.13.3.rel1.win32_1.0.0.202411081344/tools/bin/../lib/gcc/arm-none-eabi/13.3.1/thumb/v7e-m+fp/hard/crtbegin.o

.rodata         0x0800b838      0x3f4
                0x0800b838                        . = ALIGN (0x4)
 *(.rodata)
 .rodata        0x0800b838      0x360 ./Core/Src/main.o
 .rodata        0x0800bb98       0x46 ./USB_DEVICE/App/usbd_desc.o
 *(.rodata*)
 *fill*         0x0800bbde        0x2 
 .rodata.AHBPrescTable
                0x0800bbe0       0x10 ./Core/Src/system_stm32f4xx.o
                0x0800bbe0                AHBPrescTable
 .rodata.APBPrescTable
                0x0800bbf0        0x8 ./Core/Src/system_stm32f4xx.o
                0x0800bbf0                APBPrescTable
 .rodata._svfprintf_r.str1.1
                0x0800bbf8       0x33 C:/Users/bront/STM32CubeIDE_1.19.0/STM32CubeIDE/plugins/com.st.stm32cube.ide.mcu.externaltools.gnu-tools-for-stm32.13.3.rel1.win32_1.0.0.202411081344/tools/bin/../lib/gcc/arm-none-eabi/13.3.1/../../../../arm-none-eabi/lib/thumb/v7e-m+fp/hard\libc_nano.a(libc_a-nano-svfprintf.o)
                                 0x11 (size before relaxing)
 .rodata._vfprintf_r.str1.1
                0x0800bc2b       0x11 C:/Users/bront/STM32CubeIDE_1.19.0/STM32CubeIDE/plugins/com.st.stm32cube.ide.mcu.externaltools.gnu-tools-for-stm32.13.3.rel1.win32_1.0.0.202411081344/tools/bin/../lib/gcc/arm-none-eabi/13.3.1/../../../../arm-none-eabi/lib/thumb/v7e-m+fp/hard\libc_nano.a(libc_a-nano-vfprintf.o)
 .rodata._printf_i.str1.1
                0x0800bc2b       0x22 C:/Users/bront/STM32CubeIDE_1.19.0/STM32CubeIDE/plugins/com.st.stm32cube.ide.mcu.externaltools.gnu-tools-for-stm32.13.3.rel1.win32_1.0.0.202411081344/tools/bin/../lib/gcc/arm-none-eabi/13.3.1/../../../../arm-none-eabi/lib/thumb/v7e-m+fp/hard\libc_nano.a(libc_a-nano-vfprintf_i.o)
                0x0800bc50                        . = ALIGN (0x4)
 *fill*         0x0800bc2b        0x1 

.ARM.extab      0x0800bc2c        0x0
                0x0800bc2c                        . = ALIGN (0x4)
 *(.ARM.extab* .gnu.linkonce.armextab.*)
                0x0800bc2c                        . = ALIGN (0x4)

.ARM            0x0800bc2c        0x8
                0x0800bc2c                        . = ALIGN (0x4)
                0x0800bc2c                        __exidx_start = .
 *(.ARM.exidx*)
 .ARM.exidx     0x0800bc2c        0x8 C:/Users/bront/STM32CubeIDE_1.19.0/STM32CubeIDE/plugins/com.st.stm32cube.ide.mcu.externaltools.gnu-tools-for-stm32.13.3.rel1.win32_1.0.0.202411081344/tools/bin/../lib/gcc/arm-none-eabi/13.3.1/../../../../arm-none-eabi/lib/thumb/v7e-m+fp/hard\libc_nano.a(libc_a-memchr.o)
 .ARM.exidx     0x0800bc34        0x0 C:/Users/bront/STM32CubeIDE_1.19.0/STM32CubeIDE/plugins/com.st.stm32cube.ide.mcu.externaltools.gnu-tools-for-stm32.13.3.rel1.win32_1.0.0.202411081344/tools/bin/../lib/gcc/arm-none-eabi/13.3.1/thumb/v7e-m+fp/hard\libgcc.a(_udivmoddi4.o)
                                  0x8 (size before relaxing)
                0x0800bc34                        __exidx_end = .
                0x0800bc34                        . = ALIGN (0x4)

.preinit_array  0x0800bc34        0x0
                0x0800bc34                        . = ALIGN (0x4)
                0x0800bc34                        PROVIDE (__preinit_array_start = .)
 *(.preinit_array*)
                0x0800bc34                        PROVIDE (__preinit_array_end = .)
                0x0800bc34                        . = ALIGN (0x4)

.init_array     0x0800bc34        0x4
                0x0800bc34                        . = ALIGN (0x4)
                0x0800bc34                        PROVIDE (__init_array_start = .)
 *(SORT_BY_NAME(.init_array.*))
 *(.init_array*)
 .init_array    0x0800bc34        0x4 C:/Users/bront/STM32CubeIDE_1.19.0/STM32CubeIDE/plugins/com.st.stm32cube.ide.mcu.externaltools.gnu-tools-for-stm32.13.3.rel1.win32_1.0.0.202411081344/tools/bin/../lib/gcc/arm-none-eabi/13.3.1/thumb/v7e-m+fp/hard/crtbegin.o
                0x0800bc38                        PROVIDE (__init_array_end = .)
                0x0800bc38                        . = ALIGN (0x4)

.fini_array     0x0800bc38        0x4
                0x0800bc38                        . = ALIGN (0x4)
                [!provide]                        PROVIDE (__fini_array_start = .)
 *(SORT_BY_NAME(.fini_array.*))
 *(.fini_array*)
 .fini_array    0x0800bc38        0x4 C:/Users/bront/STM32CubeIDE_1.19.0/STM32CubeIDE/plugins/com.st.stm32cube.ide.mcu.externaltools.gnu-tools-for-stm32.13.3.rel1.win32_1.0.0.202411081344/tools/bin/../lib/gcc/arm-none-eabi/13.3.1/thumb/v7e-m+fp/hard/crtbegin.o
                [!provide]                        PROVIDE (__fini_array_end = .)
                0x0800bc3c                        . = ALIGN (0x4)
                0x0800bc3c                        _sidata = LOADADDR (.data)

.rel.dyn        0x0800bc3c        0x0
 .rel.iplt      0x0800bc3c        0x0 C:/Users/bront/STM32CubeIDE_1.19.0/STM32CubeIDE/plugins/com.st.stm32cube.ide.mcu.externaltools.gnu-tools-for-stm32.13.3.rel1.win32_1.0.0.202411081344/tools/bin/../lib/gcc/arm-none-eabi/13.3.1/thumb/v7e-m+fp/hard/crtbegin.o

.data           0x20000000      0x174 load address 0x0800bc3c
                0x20000000                        . = ALIGN (0x4)
                0x20000000                        _sdata = .
 *(.data)
 *(.data*)
 .data.bno_addr_7bit
                0x20000000        0x1 ./Core/Src/main.o
                0x20000000                bno_addr_7bit
 *fill*         0x20000001        0x3 
 .data.saved_calib
                0x20000004       0x16 ./Core/Src/main.o
                0x20000004                saved_calib
 *fill*         0x2000001a        0x2 
 .data.SystemCoreClock
                0x2000001c        0x4 ./Core/Src/system_stm32f4xx.o
                0x2000001c                SystemCoreClock
 .data.uwTickPrio
                0x20000020        0x4 ./Drivers/STM32F4xx_HAL_Driver/Src/stm32f4xx_hal.o
                0x20000020                uwTickPrio
 .data.uwTickFreq
                0x20000024        0x1 ./Drivers/STM32F4xx_HAL_Driver/Src/stm32f4xx_hal.o
                0x20000024                uwTickFreq
 *fill*         0x20000025        0x3 
 .data.USBD_CDC_DeviceQualifierDesc
                0x20000028        0xa ./Middlewares/ST/STM32_USB_Device_Library/Class/CDC/Src/usbd_cdc.o
 *fill*         0x20000032        0x2 
 .data.USBD_CDC
                0x20000034       0x38 ./Middlewares/ST/STM32_USB_Device_Library/Class/CDC/Src/usbd_cdc.o
                0x20000034                USBD_CDC
 .data.USBD_CDC_CfgDesc
                0x2000006c       0x43 ./Middlewares/ST/STM32_USB_Device_Library/Class/CDC/Src/usbd_cdc.o
 .data.CDCInEpAdd
                0x200000af        0x1 ./Middlewares/ST/STM32_USB_Device_Library/Class/CDC/Src/usbd_cdc.o
 .data.CDCOutEpAdd
                0x200000b0        0x1 ./Middlewares/ST/STM32_USB_Device_Library/Class/CDC/Src/usbd_cdc.o
 .data.CDCCmdEpAdd
                0x200000b1        0x1 ./Middlewares/ST/STM32_USB_Device_Library/Class/CDC/Src/usbd_cdc.o
 *fill*         0x200000b2        0x2 
 .data.USBD_Interface_fops_FS
                0x200000b4       0x14 ./USB_DEVICE/App/usbd_cdc_if.o
                0x200000b4                USBD_Interface_fops_FS
 .data.FS_Desc  0x200000c8       0x1c ./USB_DEVICE/App/usbd_desc.o
                0x200000c8                FS_Desc
 .data.USBD_FS_DeviceDesc
                0x200000e4       0x12 ./USB_DEVICE/App/usbd_desc.o
                0x200000e4                USBD_FS_DeviceDesc
 *fill*         0x200000f6        0x2 
 .data.USBD_LangIDDesc
                0x200000f8        0x4 ./USB_DEVICE/App/usbd_desc.o
                0x200000f8                USBD_LangIDDesc
 .data.USBD_StringSerial
                0x200000fc       0x1a ./USB_DEVICE/App/usbd_desc.o
                0x200000fc                USBD_StringSerial
 *fill*         0x20000116        0x2 
 .data.__sglue  0x20000118        0xc C:/Users/bront/STM32CubeIDE_1.19.0/STM32CubeIDE/plugins/com.st.stm32cube.ide.mcu.externaltools.gnu-tools-for-stm32.13.3.rel1.win32_1.0.0.202411081344/tools/bin/../lib/gcc/arm-none-eabi/13.3.1/../../../../arm-none-eabi/lib/thumb/v7e-m+fp/hard\libc_nano.a(libc_a-findfp.o)
                0x20000118                __sglue
 .data._impure_ptr
                0x20000124        0x4 C:/Users/bront/STM32CubeIDE_1.19.0/STM32CubeIDE/plugins/com.st.stm32cube.ide.mcu.externaltools.gnu-tools-for-stm32.13.3.rel1.win32_1.0.0.202411081344/tools/bin/../lib/gcc/arm-none-eabi/13.3.1/../../../../arm-none-eabi/lib/thumb/v7e-m+fp/hard\libc_nano.a(libc_a-impure.o)
                0x20000124                _impure_ptr
 .data._impure_data
                0x20000128       0x4c C:/Users/bront/STM32CubeIDE_1.19.0/STM32CubeIDE/plugins/com.st.stm32cube.ide.mcu.externaltools.gnu-tools-for-stm32.13.3.rel1.win32_1.0.0.202411081344/tools/bin/../lib/gcc/arm-none-eabi/13.3.1/../../../../arm-none-eabi/lib/thumb/v7e-m+fp/hard\libc_nano.a(libc_a-impure.o)
                0x20000128                _impure_data
 *(.RamFunc)
 *(.RamFunc*)
                0x20000174                        . = ALIGN (0x4)
                0x20000174                        _edata = .

.igot.plt       0x20000174        0x0 load address 0x0800bdb0
 .igot.plt      0x20000174        0x0 C:/Users/bront/STM32CubeIDE_1.19.0/STM32CubeIDE/plugins/com.st.stm32cube.ide.mcu.externaltools.gnu-tools-for-stm32.13.3.rel1.win32_1.0.0.202411081344/tools/bin/../lib/gcc/arm-none-eabi/13.3.1/thumb/v7e-m+fp/hard/crtbegin.o
                0x20000174                        . = ALIGN (0x4)

.bss            0x20000174     0x22d8 load address 0x0800bdb0
                0x20000174                        _sbss = .
                0x20000174                        __bss_start__ = _sbss
 *(.bss)
 .bss           0x20000174       0x1c C:/Users/bront/STM32CubeIDE_1.19.0/STM32CubeIDE/plugins/com.st.stm32cube.ide.mcu.externaltools.gnu-tools-for-stm32.13.3.rel1.win32_1.0.0.202411081344/tools/bin/../lib/gcc/arm-none-eabi/13.3.1/thumb/v7e-m+fp/hard/crtbegin.o
 *(.bss*)
 .bss.hi2c1     0x20000190       0x54 ./Core/Src/main.o
                0x20000190                hi2c1
 .bss.bno       0x200001e4       0xac ./Core/Src/main.o
                0x200001e4                bno
 .bss.bno_err   0x20000290        0x1 ./Core/Src/main.o
                0x20000290                bno_err
 *fill*         0x20000291        0x3 
 .bss.euler     0x20000294        0xc ./Core/Src/main.o
                0x20000294                euler
 .bss.quat      0x200002a0       0x10 ./Core/Src/main.o
                0x200002a0                quat
 .bss.accel     0x200002b0        0xc ./Core/Src/main.o
                0x200002b0                accel
 .bss.linear_accel
                0x200002bc        0xc ./Core/Src/main.o
                0x200002bc                linear_accel
 .bss.gyro      0x200002c8        0xc ./Core/Src/main.o
                0x200002c8                gyro
 .bss.mag       0x200002d4        0xc ./Core/Src/main.o
                0x200002d4                mag
 .bss.gravity   0x200002e0        0xc ./Core/Src/main.o
                0x200002e0                gravity
 .bss.calib_stat
                0x200002ec        0x1 ./Core/Src/main.o
                0x200002ec                calib_stat
 *fill*         0x200002ed        0x3 
 .bss.bno_seq   0x200002f0        0x4 ./Core/Src/main.o
                0x200002f0                bno_seq
 .bss.bno_json  0x200002f4      0x400 ./Core/Src/main.o
                0x200002f4                bno_json
 .bss.current_calib
                0x200006f4       0x16 ./Core/Src/main.o
                0x200006f4                current_calib
 .bss.use_saved_calib
                0x2000070a        0x1 ./Core/Src/main.o
                0x2000070a                use_saved_calib
 .bss.profile_ready
                0x2000070b        0x1 ./Core/Src/main.o
                0x2000070b                profile_ready
 .bss.last_print_tick
                0x2000070c        0x4 ./Core/Src/main.o
                0x2000070c                last_print_tick
 .bss.last_retry_tick
                0x20000710        0x4 ./Core/Src/main.o
                0x20000710                last_retry_tick
 .bss.__sbrk_heap_end
                0x20000714        0x4 ./Core/Src/sysmem.o
 .bss.uwTick    0x20000718        0x4 ./Drivers/STM32F4xx_HAL_Driver/Src/stm32f4xx_hal.o
                0x20000718                uwTick
 .bss.cfgidx.0  0x2000071c        0x1 ./Middlewares/ST/STM32_USB_Device_Library/Core/Src/usbd_ctlreq.o
 *fill*         0x2000071d        0x3 
 .bss.hUsbDeviceFS
                0x20000720      0x2dc ./USB_DEVICE/App/usb_device.o
                0x20000720                hUsbDeviceFS
 .bss.UserRxBufferFS
                0x200009fc      0x800 ./USB_DEVICE/App/usbd_cdc_if.o
                0x200009fc                UserRxBufferFS
 .bss.UserTxBufferFS
                0x200011fc      0x800 ./USB_DEVICE/App/usbd_cdc_if.o
                0x200011fc                UserTxBufferFS
 .bss.USBD_StrDesc
                0x200019fc      0x200 ./USB_DEVICE/App/usbd_desc.o
                0x200019fc                USBD_StrDesc
 .bss.hpcd_USB_OTG_FS
                0x20001bfc      0x4e4 ./USB_DEVICE/Target/usbd_conf.o
                0x20001bfc                hpcd_USB_OTG_FS
 .bss.mem.0     0x200020e0      0x220 ./USB_DEVICE/Target/usbd_conf.o
 .bss.__sf      0x20002300      0x138 C:/Users/bront/STM32CubeIDE_1.19.0/STM32CubeIDE/plugins/com.st.stm32cube.ide.mcu.externaltools.gnu-tools-for-stm32.13.3.rel1.win32_1.0.0.202411081344/tools/bin/../lib/gcc/arm-none-eabi/13.3.1/../../../../arm-none-eabi/lib/thumb/v7e-m+fp/hard\libc_nano.a(libc_a-findfp.o)
                0x20002300                __sf
 .bss.__stdio_exit_handler
                0x20002438        0x4 C:/Users/bront/STM32CubeIDE_1.19.0/STM32CubeIDE/plugins/com.st.stm32cube.ide.mcu.externaltools.gnu-tools-for-stm32.13.3.rel1.win32_1.0.0.202411081344/tools/bin/../lib/gcc/arm-none-eabi/13.3.1/../../../../arm-none-eabi/lib/thumb/v7e-m+fp/hard\libc_nano.a(libc_a-findfp.o)
                0x20002438                __stdio_exit_handler
 .bss.errno     0x2000243c        0x4 C:/Users/bront/STM32CubeIDE_1.19.0/STM32CubeIDE/plugins/com.st.stm32cube.ide.mcu.externaltools.gnu-tools-for-stm32.13.3.rel1.win32_1.0.0.202411081344/tools/bin/../lib/gcc/arm-none-eabi/13.3.1/../../../../arm-none-eabi/lib/thumb/v7e-m+fp/hard\libc_nano.a(libc_a-reent.o)
                0x2000243c                errno
 .bss.__lock___malloc_recursive_mutex
                0x20002440        0x1 C:/Users/bront/STM32CubeIDE_1.19.0/STM32CubeIDE/plugins/com.st.stm32cube.ide.mcu.externaltools.gnu-tools-for-stm32.13.3.rel1.win32_1.0.0.202411081344/tools/bin/../lib/gcc/arm-none-eabi/13.3.1/../../../../arm-none-eabi/lib/thumb/v7e-m+fp/hard\libc_nano.a(libc_a-lock.o)
                0x20002440                __lock___malloc_recursive_mutex
 .bss.__lock___sfp_recursive_mutex
                0x20002441        0x1 C:/Users/bront/STM32CubeIDE_1.19.0/STM32CubeIDE/plugins/com.st.stm32cube.ide.mcu.externaltools.gnu-tools-for-stm32.13.3.rel1.win32_1.0.0.202411081344/tools/bin/../lib/gcc/arm-none-eabi/13.3.1/../../../../arm-none-eabi/lib/thumb/v7e-m+fp/hard\libc_nano.a(libc_a-lock.o)
                0x20002441                __lock___sfp_recursive_mutex
 *fill*         0x20002442        0x2 
 .bss.__malloc_sbrk_start
                0x20002444        0x4 C:/Users/bront/STM32CubeIDE_1.19.0/STM32CubeIDE/plugins/com.st.stm32cube.ide.mcu.externaltools.gnu-tools-for-stm32.13.3.rel1.win32_1.0.0.202411081344/tools/bin/../lib/gcc/arm-none-eabi/13.3.1/../../../../arm-none-eabi/lib/thumb/v7e-m+fp/hard\libc_nano.a(libc_a-mallocr.o)
                0x20002444                __malloc_sbrk_start
 .bss.__malloc_free_list
                0x20002448        0x4 C:/Users/bront/STM32CubeIDE_1.19.0/STM32CubeIDE/plugins/com.st.stm32cube.ide.mcu.externaltools.gnu-tools-for-stm32.13.3.rel1.win32_1.0.0.202411081344/tools/bin/../lib/gcc/arm-none-eabi/13.3.1/../../../../arm-none-eabi/lib/thumb/v7e-m+fp/hard\libc_nano.a(libc_a-mallocr.o)
                0x20002448                __malloc_free_list
 *(COMMON)
                0x2000244c                        . = ALIGN (0x4)
                0x2000244c                        _ebss = .
                0x2000244c                        __bss_end__ = _ebss

._user_heap_stack
                0x2000244c      0x604 load address 0x0800bdb0
                0x20002450                        . = ALIGN (0x8)
 *fill*         0x2000244c        0x4 
                [!provide]                        PROVIDE (end = .)
                0x20002450                        PROVIDE (_end = .)
                0x20002650                        . = (. + _Min_Heap_Size)
 *fill*         0x20002450      0x200 
                0x20002a50                        . = (. + _Min_Stack_Size)
 *fill*         0x20002650      0x400 
                0x20002a50                        . = ALIGN (0x8)

/DISCARD/
 libc.a(*)
 libm.a(*)
 libgcc.a(*)

.ARM.attributes
                0x00000000       0x30
 *(.ARM.attributes)
 .ARM.attributes
                0x00000000       0x22 C:/Users/bront/STM32CubeIDE_1.19.0/STM32CubeIDE/plugins/com.st.stm32cube.ide.mcu.externaltools.gnu-tools-for-stm32.13.3.rel1.win32_1.0.0.202411081344/tools/bin/../lib/gcc/arm-none-eabi/13.3.1/thumb/v7e-m+fp/hard/crti.o
 .ARM.attributes
                0x00000022       0x34 C:/Users/bront/STM32CubeIDE_1.19.0/STM32CubeIDE/plugins/com.st.stm32cube.ide.mcu.externaltools.gnu-tools-for-stm32.13.3.rel1.win32_1.0.0.202411081344/tools/bin/../lib/gcc/arm-none-eabi/13.3.1/thumb/v7e-m+fp/hard/crtbegin.o
 .ARM.attributes
                0x00000056       0x34 ./Core/Src/bno055.o
 .ARM.attributes
                0x0000008a       0x34 ./Core/Src/main.o
 .ARM.attributes
                0x000000be       0x34 ./Core/Src/stm32f4xx_hal_msp.o
 .ARM.attributes
                0x000000f2       0x34 ./Core/Src/stm32f4xx_it.o
 .ARM.attributes
                0x00000126       0x34 ./Core/Src/syscalls.o
 .ARM.attributes
                0x0000015a       0x34 ./Core/Src/sysmem.o
 .ARM.attributes
                0x0000018e       0x34 ./Core/Src/system_stm32f4xx.o
 .ARM.attributes
                0x000001c2       0x21 ./Core/Startup/startup_stm32f411ceux.o
 .ARM.attributes
                0x000001e3       0x34 ./Drivers/STM32F4xx_HAL_Driver/Src/stm32f4xx_hal.o
 .ARM.attributes
                0x00000217       0x34 ./Drivers/STM32F4xx_HAL_Driver/Src/stm32f4xx_hal_cortex.o
 .ARM.attributes
                0x0000024b       0x34 ./Drivers/STM32F4xx_HAL_Driver/Src/stm32f4xx_hal_gpio.o
 .ARM.attributes
                0x0000027f       0x34 ./Drivers/STM32F4xx_HAL_Driver/Src/stm32f4xx_hal_i2c.o
 .ARM.attributes
                0x000002b3       0x34 ./Drivers/STM32F4xx_HAL_Driver/Src/stm32f4xx_hal_pcd.o
 .ARM.attributes
                0x000002e7       0x34 ./Drivers/STM32F4xx_HAL_Driver/Src/stm32f4xx_hal_pcd_ex.o
 .ARM.attributes
                0x0000031b       0x34 ./Drivers/STM32F4xx_HAL_Driver/Src/stm32f4xx_hal_rcc.o
 .ARM.attributes
                0x0000034f       0x34 ./Drivers/STM32F4xx_HAL_Driver/Src/stm32f4xx_ll_usb.o
 .ARM.attributes
                0x00000383       0x34 ./Middlewares/ST/STM32_USB_Device_Library/Class/CDC/Src/usbd_cdc.o
 .ARM.attributes
                0x000003b7       0x34 ./Middlewares/ST/STM32_USB_Device_Library/Core/Src/usbd_core.o
 .ARM.attributes
                0x000003eb       0x34 ./Middlewares/ST/STM32_USB_Device_Library/Core/Src/usbd_ctlreq.o
 .ARM.attributes
                0x0000041f       0x34 ./Middlewares/ST/STM32_USB_Device_Library/Core/Src/usbd_ioreq.o
 .ARM.attributes
                0x00000453       0x34 ./USB_DEVICE/App/usb_device.o
 .ARM.attributes
                0x00000487       0x34 ./USB_DEVICE/App/usbd_cdc_if.o
 .ARM.attributes
                0x000004bb       0x34 ./USB_DEVICE/App/usbd_desc.o
 .ARM.attributes
                0x000004ef       0x34 ./USB_DEVICE/Target/usbd_conf.o
 .ARM.attributes
                0x00000523       0x34 C:/Users/bront/STM32CubeIDE_1.19.0/STM32CubeIDE/plugins/com.st.stm32cube.ide.mcu.externaltools.gnu-tools-for-stm32.13.3.rel1.win32_1.0.0.202411081344/tools/bin/../lib/gcc/arm-none-eabi/13.3.1/../../../../arm-none-eabi/lib/thumb/v7e-m+fp/hard\libc_nano.a(libc_a-findfp.o)
 .ARM.attributes