../Core/Src/main.c:95:12:append_text	36	static
../Core/Src/main.c:117:12:append_fixed	48	static
../Core/Src/main.c:133:12:append_fixed4	32	static
../Core/Src/main.c:138:12:append_fixed6	32	static
../Core/Src/main.c:143:12:append_vec3_json	32	static
../Core/Src/main.c:154:13:cdc_write	24	static
../Core/Src/main.c:172:13:configure_bno055	16	static
../Core/Src/main.c:186:13:saved_calibration_available	16	static
../Core/Src/main.c:197:13:finish_bno055_init	8	static
../Core/Src/main.c:210:18:init_bno055_any_address	24	static
../Core/Src/main.c:227:13:print_bno055_error_json	40	static
../Core/Src/main.c:243:13:print_bno055_json	192	static
../Core/Src/main.c:309:5:main	16	static
../Core/Src/main.c:399:6:SystemClock_Config	88	static
../Core/Src/main.c:445:13:MX_I2C1_Init	8	static
../Core/Src/main.c:479:13:MX_GPIO_Init	24	static
../Core/Src/main.c:496:5:_write	24	static
../Core/Src/main.c:513:6:Error_Handler	4	static,ignoring_inline_asm
